../Drivers/STM32F4xx_HAL_Driver/Inc/stm32f4xx_ll_dma.h:1803:26:LL_DMA_IsActiveFlag_TC6	16	static
../Drivers/STM32F4xx_HAL_Driver/Inc/stm32f4xx_ll_dma.h:1891:26:LL_DMA_IsActiveFlag_TE6	16	static
../Drivers/STM32F4xx_HAL_Driver/Inc/stm32f4xx_ll_dma.h:2243:22:LL_DMA_ClearFlag_TC6	16	static
../Drivers/STM32F4xx_HAL_Driver/Inc/stm32f4xx_ll_dma.h:2331:22:LL_DMA_ClearFlag_TE6	16	static
../Core/Src/stm32f4xx_it.c:71:6:NMI_Handler	4	static
../Core/Src/stm32f4xx_it.c:86:6:HardFault_Handler	4	static
../Core/Src/stm32f4xx_it.c:101:6:MemManage_Handler	4	static
../Core/Src/stm32f4xx_it.c:116:6:BusFault_Handler	4	static
../Core/Src/stm32f4xx_it.c:131:6:UsageFault_Handler	4	static
../Core/Src/stm32f4xx_it.c:146:6:SVC_Handler	4	static
../Core/Src/stm32f4xx_it.c:159:6:DebugMon_Handler	4	static
../Core/Src/stm32f4xx_it.c:172:6:PendSV_Handler	4	static
../Core/Src/stm32f4xx_it.c:185:6:SysTick_Handler	8	static
../Core/Src/stm32f4xx_it.c:206:6:DMA1_Stream5_IRQHandler	8	static
../Core/Src/stm32f4xx_it.c:222:6:DMA1_Stream6_IRQHandler	8	static
../Core/Src/stm32f4xx_it.c:253:6:USART2_IRQHandler	16	static
