Archive member included to satisfy reference by file (symbol)

C:/ST/STM32CubeIDE_1.12.1/STM32CubeIDE/plugins/com.st.stm32cube.ide.mcu.externaltools.gnu-tools-for-stm32.11.3.rel1.win32_1.1.100.202309141235/tools/bin/../lib/gcc/arm-none-eabi/11.3.1/../../../../arm-none-eabi/lib/thumb/v7e-m+fp/hard\libc_nano.a(libc_a-exit.o)
                              C:/ST/STM32CubeIDE_1.12.1/STM32CubeIDE/plugins/com.st.stm32cube.ide.mcu.externaltools.gnu-tools-for-stm32.11.3.rel1.win32_1.1.100.202309141235/tools/bin/../lib/gcc/arm-none-eabi/11.3.1/../../../../arm-none-eabi/lib/thumb/v7e-m+fp/hard/crt0.o (exit)
C:/ST/STM32CubeIDE_1.12.1/STM32CubeIDE/plugins/com.st.stm32cube.ide.mcu.externaltools.gnu-tools-for-stm32.11.3.rel1.win32_1.1.100.202309141235/tools/bin/../lib/gcc/arm-none-eabi/11.3.1/../../../../arm-none-eabi/lib/thumb/v7e-m+fp/hard\libc_nano.a(libc_a-findfp.o)
                              C:/ST/STM32CubeIDE_1.12.1/STM32CubeIDE/plugins/com.st.stm32cube.ide.mcu.externaltools.gnu-tools-for-stm32.11.3.rel1.win32_1.1.100.202309141235/tools/bin/../lib/gcc/arm-none-eabi/11.3.1/../../../../arm-none-eabi/lib/thumb/v7e-m+fp/hard\libc_nano.a(libc_a-exit.o) (__stdio_exit_handler)
C:/ST/STM32CubeIDE_1.12.1/STM32CubeIDE/plugins/com.st.stm32cube.ide.mcu.externaltools.gnu-tools-for-stm32.11.3.rel1.win32_1.1.100.202309141235/tools/bin/../lib/gcc/arm-none-eabi/11.3.1/../../../../arm-none-eabi/lib/thumb/v7e-m+fp/hard\libc_nano.a(libc_a-fwalk.o)
                              C:/ST/STM32CubeIDE_1.12.1/STM32CubeIDE/plugins/com.st.stm32cube.ide.mcu.externaltools.gnu-tools-for-stm32.11.3.rel1.win32_1.1.100.202309141235/tools/bin/../lib/gcc/arm-none-eabi/11.3.1/../../../../arm-none-eabi/lib/thumb/v7e-m+fp/hard\libc_nano.a(libc_a-findfp.o) (_fwalk_sglue)
C:/ST/STM32CubeIDE_1.12.1/STM32CubeIDE/plugins/com.st.stm32cube.ide.mcu.externaltools.gnu-tools-for-stm32.11.3.rel1.win32_1.1.100.202309141235/tools/bin/../lib/gcc/arm-none-eabi/11.3.1/../../../../arm-none-eabi/lib/thumb/v7e-m+fp/hard\libc_nano.a(libc_a-stdio.o)
                              C:/ST/STM32CubeIDE_1.12.1/STM32CubeIDE/plugins/com.st.stm32cube.ide.mcu.externaltools.gnu-tools-for-stm32.11.3.rel1.win32_1.1.100.202309141235/tools/bin/../lib/gcc/arm-none-eabi/11.3.1/../../../../arm-none-eabi/lib/thumb/v7e-m+fp/hard\libc_nano.a(libc_a-findfp.o) (__sread)
C:/ST/STM32CubeIDE_1.12.1/STM32CubeIDE/plugins/com.st.stm32cube.ide.mcu.externaltools.gnu-tools-for-stm32.11.3.rel1.win32_1.1.100.202309141235/tools/bin/../lib/gcc/arm-none-eabi/11.3.1/../../../../arm-none-eabi/lib/thumb/v7e-m+fp/hard\libc_nano.a(libc_a-memset.o)
                              C:/ST/STM32CubeIDE_1.12.1/STM32CubeIDE/plugins/com.st.stm32cube.ide.mcu.externaltools.gnu-tools-for-stm32.11.3.rel1.win32_1.1.100.202309141235/tools/bin/../lib/gcc/arm-none-eabi/11.3.1/../../../../arm-none-eabi/lib/thumb/v7e-m+fp/hard/crt0.o (memset)
C:/ST/STM32CubeIDE_1.12.1/STM32CubeIDE/plugins/com.st.stm32cube.ide.mcu.externaltools.gnu-tools-for-stm32.11.3.rel1.win32_1.1.100.202309141235/tools/bin/../lib/gcc/arm-none-eabi/11.3.1/../../../../arm-none-eabi/lib/thumb/v7e-m+fp/hard\libc_nano.a(libc_a-closer.o)
                              C:/ST/STM32CubeIDE_1.12.1/STM32CubeIDE/plugins/com.st.stm32cube.ide.mcu.externaltools.gnu-tools-for-stm32.11.3.rel1.win32_1.1.100.202309141235/tools/bin/../lib/gcc/arm-none-eabi/11.3.1/../../../../arm-none-eabi/lib/thumb/v7e-m+fp/hard\libc_nano.a(libc_a-stdio.o) (_close_r)
C:/ST/STM32CubeIDE_1.12.1/STM32CubeIDE/plugins/com.st.stm32cube.ide.mcu.externaltools.gnu-tools-for-stm32.11.3.rel1.win32_1.1.100.202309141235/tools/bin/../lib/gcc/arm-none-eabi/11.3.1/../../../../arm-none-eabi/lib/thumb/v7e-m+fp/hard\libc_nano.a(libc_a-reent.o)
                              C:/ST/STM32CubeIDE_1.12.1/STM32CubeIDE/plugins/com.st.stm32cube.ide.mcu.externaltools.gnu-tools-for-stm32.11.3.rel1.win32_1.1.100.202309141235/tools/bin/../lib/gcc/arm-none-eabi/11.3.1/../../../../arm-none-eabi/lib/thumb/v7e-m+fp/hard\libc_nano.a(libc_a-closer.o) (errno)
C:/ST/STM32CubeIDE_1.12.1/STM32CubeIDE/plugins/com.st.stm32cube.ide.mcu.externaltools.gnu-tools-for-stm32.11.3.rel1.win32_1.1.100.202309141235/tools/bin/../lib/gcc/arm-none-eabi/11.3.1/../../../../arm-none-eabi/lib/thumb/v7e-m+fp/hard\libc_nano.a(libc_a-impure.o)
                              C:/ST/STM32CubeIDE_1.12.1/STM32CubeIDE/plugins/com.st.stm32cube.ide.mcu.externaltools.gnu-tools-for-stm32.11.3.rel1.win32_1.1.100.202309141235/tools/bin/../lib/gcc/arm-none-eabi/11.3.1/../../../../arm-none-eabi/lib/thumb/v7e-m+fp/hard\libc_nano.a(libc_a-reent.o) (_impure_ptr)
C:/ST/STM32CubeIDE_1.12.1/STM32CubeIDE/plugins/com.st.stm32cube.ide.mcu.externaltools.gnu-tools-for-stm32.11.3.rel1.win32_1.1.100.202309141235/tools/bin/../lib/gcc/arm-none-eabi/11.3.1/../../../../arm-none-eabi/lib/thumb/v7e-m+fp/hard\libc_nano.a(libc_a-lseekr.o)
[...]
Memory Configuration

Name             Origin             Length             Attributes
RAM              0x0000000020000000 0x0000000000020000 xrw
FLASH            0x0000000008000000 0x0000000000080000 xr
*default*        0x0000000000000000 0xffffffffffffffff

Linker script and memory map

LOAD C:/ST/STM32CubeIDE_1.12.1/STM32CubeIDE/plugins/com.st.stm32cube.ide.mcu.externaltools.gnu-tools-for-stm32.11.3.rel1.win32_1.1.100.202309141235/tools/bin/../lib/gcc/arm-none-eabi/11.3.1/thumb/v7e-m+fp/hard/crti.o
LOAD C:/ST/STM32CubeIDE_1.12.1/STM32CubeIDE/plugins/com.st.stm32cube.ide.mcu.externaltools.gnu-tools-for-stm32.11.3.rel1.win32_1.1.100.202309141235/tools/bin/../lib/gcc/arm-none-eabi/11.3.1/thumb/v7e-m+fp/hard/crtbegin.o
LOAD C:/ST/STM32CubeIDE_1.12.1/STM32CubeIDE/plugins/com.st.stm32cube.ide.mcu.externaltools.gnu-tools-for-stm32.11.3.rel1.win32_1.1.100.202309141235/tools/bin/../lib/gcc/arm-none-eabi/11.3.1/../../../../arm-none-eabi/lib/thumb/v7e-m+fp/hard/crt0.o
LOAD ./Core/Src/LL_UART_DMA.o
LOAD ./Core/Src/main.o
LOAD ./Core/Src/stm32f4xx_hal_msp.o
LOAD ./Core/Src/stm32f4xx_it.o
LOAD ./Core/Src/syscalls.o
LOAD ./Core/Src/sysmem.o
LOAD ./Core/Src/system_stm32f4xx.o
LOAD ./Core/Startup/startup_stm32f446zetx.o
LOAD ./Drivers/STM32F4xx_HAL_Driver/Src/stm32f4xx_hal.o
LOAD ./Drivers/STM32F4xx_HAL_Driver/Src/stm32f4xx_hal_cortex.o
LOAD ./Drivers/STM32F4xx_HAL_Driver/Src/stm32f4xx_hal_dma.o
LOAD ./Drivers/STM32F4xx_HAL_Driver/Src/stm32f4xx_hal_dma_ex.o
LOAD ./Drivers/STM32F4xx_HAL_Driver/Src/stm32f4xx_hal_exti.o
LOAD ./Drivers/STM32F4xx_HAL_Driver/Src/stm32f4xx_hal_flash.o
LOAD ./Drivers/STM32F4xx_HAL_Driver/Src/stm32f4xx_hal_flash_ex.o
LOAD ./Drivers/STM32F4xx_HAL_Driver/Src/stm32f4xx_hal_flash_ramfunc.o
LOAD ./Drivers/STM32F4xx_HAL_Driver/Src/stm32f4xx_hal_gpio.o
LOAD ./Drivers/STM32F4xx_HAL_Driver/Src/stm32f4xx_hal_pcd.o
LOAD ./Drivers/STM32F4xx_HAL_Driver/Src/stm32f4xx_hal_pcd_ex.o
LOAD ./Drivers/STM32F4xx_HAL_Driver/Src/stm32f4xx_hal_pwr.o
LOAD ./Drivers/STM32F4xx_HAL_Driver/Src/stm32f4xx_hal_pwr_ex.o
LOAD ./Drivers/STM32F4xx_HAL_Driver/Src/stm32f4xx_hal_rcc.o
LOAD ./Drivers/STM32F4xx_HAL_Driver/Src/stm32f4xx_hal_rcc_ex.o
LOAD ./Drivers/STM32F4xx_HAL_Driver/Src/stm32f4xx_hal_tim.o
LOAD ./Drivers/STM32F4xx_HAL_Driver/Src/stm32f4xx_hal_tim_ex.o
LOAD ./Drivers/STM32F4xx_HAL_Driver/Src/stm32f4xx_ll_dma.o
LOAD ./Drivers/STM32F4xx_HAL_Driver/Src/stm32f4xx_ll_exti.o
LOAD ./Drivers/STM32F4xx_HAL_Driver/Src/stm32f4xx_ll_gpio.o
LOAD ./Drivers/STM32F4xx_HAL_Driver/Src/stm32f4xx_ll_rcc.o
LOAD ./Drivers/STM32F4xx_HAL_Driver/Src/stm32f4xx_ll_usart.o
LOAD ./Drivers/STM32F4xx_HAL_Driver/Src/stm32f4xx_ll_usb.o
LOAD ./Drivers/STM32F4xx_HAL_Driver/Src/stm32f4xx_ll_utils.o
START GROUP
LOAD C:/ST/STM32CubeIDE_1.12.1/STM32CubeIDE/plugins/com.st.stm32cube.ide.mcu.externaltools.gnu-tools-for-stm32.11.3.rel1.win32_1.1.100.202309141235/tools/bin/../lib/gcc/arm-none-eabi/11.3.1/../../../../arm-none-eabi/lib/thumb/v7e-m+fp/hard\libc_nano.a
LOAD C:/ST/STM32CubeIDE_1.12.1/STM32CubeIDE/plugins/com.st.stm32cube.ide.mcu.externaltools.gnu-tools-for-stm32.11.3.rel1.win32_1.1.100.202309141235/tools/bin/../lib/gcc/arm-none-eabi/11.3.1/../../../../arm-none-eabi/lib/thumb/v7e-m+fp/hard\libm.a
END GROUP
START GROUP
LOAD C:/ST/STM32CubeIDE_1.12.1/STM32CubeIDE/plugins/com.st.stm32cube.ide.mcu.externaltools.gnu-tools-for-stm32.11.3.rel1.win32_1.1.100.202309141235/tools/bin/../lib/gcc/arm-none-eabi/11.3.1/thumb/v7e-m+fp/hard\libgcc.a
LOAD C:/ST/STM32CubeIDE_1.12.1/STM32CubeIDE/plugins/com.st.stm32cube.ide.mcu.externaltools.gnu-tools-for-stm32.11.3.rel1.win32_1.1.100.202309141235/tools/bin/../lib/gcc/arm-none-eabi/11.3.1/../../../../arm-none-eabi/lib/thumb/v7e-m+fp/hard\libc_nano.a
END GROUP
START GROUP
LOAD C:/ST/STM32CubeIDE_1.12.1/STM32CubeIDE/plugins/com.st.stm32cube.ide.mcu.externaltools.gnu-tools-for-stm32.11.3.rel1.win32_1.1.100.202309141235/tools/bin/../lib/gcc/arm-none-eabi/11.3.1/thumb/v7e-m+fp/hard\libgcc.a
LOAD C:/ST/STM32CubeIDE_1.12.1/STM32CubeIDE/plugins/com.st.stm32cube.ide.mcu.externaltools.gnu-tools-for-stm32.11.3.rel1.win32_1.1.100.202309141235/tools/bin/../lib/gcc/arm-none-eabi/11.3.1/../../../../arm-none-eabi/lib/thumb/v7e-m+fp/hard\libc_nano.a
LOAD C:/ST/STM32CubeIDE_1.12.1/STM32CubeIDE/plugins/com.st.stm32cube.ide.mcu.externaltools.gnu-tools-for-stm32.11.3.rel1.win32_1.1.100.202309141235/tools/bin/../lib/gcc/arm-none-eabi/11.3.1/../../../../arm-none-eabi/lib/thumb/v7e-m+fp/hard\libnosys.a
END GROUP
START GROUP
LOAD C:/ST/STM32CubeIDE_1.12.1/STM32CubeIDE/plugins/com.st.stm32cube.ide.mcu.externaltools.gnu-tools-for-stm32.11.3.rel1.win32_1.1.100.202309141235/tools/bin/../lib/gcc/arm-none-eabi/11.3.1/thumb/v7e-m+fp/hard\libgcc.a
LOAD C:/ST/STM32CubeIDE_1.12.1/STM32CubeIDE/plugins/com.st.stm32cube.ide.mcu.externaltools.gnu-tools-for-stm32.11.3.rel1.win32_1.1.100.202309141235/tools/bin/../lib/gcc/arm-none-eabi/11.3.1/../../../../arm-none-eabi/lib/thumb/v7e-m+fp/hard\libc_nano.a
LOAD C:/ST/STM32CubeIDE_1.12.1/STM32CubeIDE/plugins/com.st.stm32cube.ide.mcu.externaltools.gnu-tools-for-stm32.11.3.rel1.win32_1.1.100.202309141235/tools/bin/../lib/gcc/arm-none-eabi/11.3.1/../../../../arm-none-eabi/lib/thumb/v7e-m+fp/hard\libnosys.a
END GROUP
LOAD C:/ST/STM32CubeIDE_1.12.1/STM32CubeIDE/plugins/com.st.stm32cube.ide.mcu.externaltools.gnu-tools-for-stm32.11.3.rel1.win32_1.1.100.202309141235/tools/bin/../lib/gcc/arm-none-eabi/11.3.1/thumb/v7e-m+fp/hard/crtend.o
LOAD C:/ST/STM32CubeIDE_1.12.1/STM32CubeIDE/plugins/com.st.stm32cube.ide.mcu.externaltools.gnu-tools-for-stm32.11.3.rel1.win32_1.1.100.202309141235/tools/bin/../lib/gcc/arm-none-eabi/11.3.1/thumb/v7e-m+fp/hard/crtn.o
                0x0000000020020000                _estack = (ORIGIN (RAM) + LENGTH (RAM))
                0x0000000000000200                _Min_Heap_Size = 0x200
                0x0000000000000400                _Min_Stack_Size = 0x400

.isr_vector     0x0000000008000000      0x1c4
                0x0000000008000000                . = ALIGN (0x4)
 *(.isr_vector)
 .isr_vector    0x0000000008000000      0x1c4 ./Core/Startup/startup_stm32f446zetx.o
                0x0000000008000000                g_pfnVectors
                0x00000000080001c4                . = ALIGN (0x4)

.text           0x00000000080001c4     0x3a28
                0x00000000080001c4                . = ALIGN (0x4)
 *(.text)
 .text          0x00000000080001c4       0x40 C:/ST/STM32CubeIDE_1.12.1/STM32CubeIDE/plugins/com.st.stm32cube.ide.mcu.externaltools.gnu-tools-for-stm32.11.3.rel1.win32_1.1.100.202309141235/tools/bin/../lib/gcc/arm-none-eabi/11.3.1/thumb/v7e-m+fp/hard/crtbegin.o
 .text          0x0000000008000204       0x30 C:/ST/STM32CubeIDE_1.12.1/STM32CubeIDE/plugins/com.st.stm32cube.ide.mcu.externaltools.gnu-tools-for-stm32.11.3.rel1.win32_1.1.100.202309141235/tools/bin/../lib/gcc/arm-none-eabi/11.3.1/thumb/v7e-m+fp/hard\libgcc.a(_aeabi_uldivmod.o)
                0x0000000008000204                __aeabi_uldivmod
 .text          0x0000000008000234      0x2c8 C:/ST/STM32CubeIDE_1.12.1/STM32CubeIDE/plugins/com.st.stm32cube.ide.mcu.externaltools.gnu-tools-for-stm32.11.3.rel1.win32_1.1.100.202309141235/tools/bin/../lib/gcc/arm-none-eabi/11.3.1/thumb/v7e-m+fp/hard\libgcc.a(_udivmoddi4.o)
                0x0000000008000234                __udivmoddi4
 .text          0x00000000080004fc        0x4 C:/ST/STM32CubeIDE_1.12.1/STM32CubeIDE/plugins/com.st.stm32cube.ide.mcu.externaltools.gnu-tools-for-stm32.11.3.rel1.win32_1.1.100.202309141235/tools/bin/../lib/gcc/arm-none-eabi/11.3.1/thumb/v7e-m+fp/hard\libgcc.a(_dvmd_tls.o)
                0x00000000080004fc                __aeabi_idiv0
                0x00000000080004fc                __aeabi_ldiv0
 *(.text*)
 .text.__NVIC_EnableIRQ
                0x0000000008000500       0x3c ./Core/Src/LL_UART_DMA.o
 .text.__NVIC_SetPriority
                0x000000000800053c       0x54 ./Core/Src/LL_UART_DMA.o
 .text.LL_DMA_EnableStream
                0x0000000008000590       0x40 ./Core/Src/LL_UART_DMA.o
 .text.LL_DMA_ConfigTransfer
                0x00000000080005d0       0x4c ./Core/Src/LL_UART_DMA.o
 .text.LL_DMA_SetDataLength
                0x000000000800061c       0x48 ./Core/Src/LL_UART_DMA.o
 .text.LL_DMA_GetDataLength
                0x0000000008000664       0x2c ./Core/Src/LL_UART_DMA.o
 .text.LL_DMA_ConfigAddresses
                0x0000000008000690       0x78 ./Core/Src/LL_UART_DMA.o
 .text.LL_DMA_IsActiveFlag_TC5
                0x0000000008000708       0x28 ./Core/Src/LL_UART_DMA.o
 .text.LL_DMA_IsActiveFlag_TE5
                0x0000000008000730       0x28 ./Core/Src/LL_UART_DMA.o
 .text.LL_DMA_ClearFlag_TC5
                0x0000000008000758       0x1c ./Core/Src/LL_UART_DMA.o
 .text.LL_DMA_ClearFlag_TE5
                0x0000000008000774       0x1c ./Core/Src/LL_UART_DMA.o
 .text.LL_DMA_EnableIT_TE
                0x0000000008000790       0x40 ./Core/Src/LL_UART_DMA.o
 .text.LL_DMA_EnableIT_TC
                0x00000000080007d0       0x40 ./Core/Src/LL_UART_DMA.o
 .text.LL_DMA_DisableIT_HT
                0x0000000008000810       0x40 ./Core/Src/LL_UART_DMA.o
 .text.LL_AHB1_GRP1_EnableClock
                0x0000000008000850       0x30 ./Core/Src/LL_UART_DMA.o
 .text.LL_USART_IsActiveFlag_IDLE
                0x0000000008000880       0x26 ./Core/Src/LL_UART_DMA.o
 .text.LL_USART_ClearFlag_IDLE
                0x00000000080008a6       0x24 ./Core/Src/LL_UART_DMA.o
 .text.LL_USART_EnableIT_IDLE
                0x00000000080008ca       0x46 ./Core/Src/LL_UART_DMA.o
 .text.LL_USART_EnableDMAReq_RX
                0x0000000008000910       0x46 ./Core/Src/LL_UART_DMA.o
 .text.LL_USART_DMA_GetRegAddr
                0x0000000008000956       0x18 ./Core/Src/LL_UART_DMA.o
 *fill*         0x000000000800096e        0x2 
 .text.LL_UART_DMA_RX_Config
                0x0000000008000970       0x84 ./Core/Src/LL_UART_DMA.o
                0x0000000008000970                LL_UART_DMA_RX_Config
 .text.LL_UART_DMA_RX_Start
                0x00000000080009f4       0x22 ./Core/Src/LL_UART_DMA.o
                0x00000000080009f4                LL_UART_DMA_RX_Start
 *fill*         0x0000000008000a16        0x2 
 .text.LL_UART_DMA_RX_Interrupt
                0x0000000008000a18       0x4c ./Core/Src/LL_UART_DMA.o
                0x0000000008000a18                LL_UART_DMA_RX_Interrupt
 .text.LL_UART_DMA_RX_IDLE_Interrupt
                0x0000000008000a64      0x154 ./Core/Src/LL_UART_DMA.o
                0x0000000008000a64                LL_UART_DMA_RX_IDLE_Interrupt
 .text.__NVIC_GetPriorityGrouping
                0x0000000008000bb8       0x1c ./Core/Src/main.o
 .text.__NVIC_EnableIRQ
                0x0000000008000bd4       0x3c ./Core/Src/main.o
 .text.__NVIC_SetPriority
                0x0000000008000c10       0x54 ./Core/Src/main.o
 .text.NVIC_EncodePriority
                0x0000000008000c64       0x66 ./Core/Src/main.o
 *fill*         0x0000000008000cca        0x2 
 .text.LL_DMA_ConfigTransfer
                0x0000000008000ccc       0x4c ./Core/Src/main.o
 .text.LL_DMA_SetDataTransferDirection
                0x0000000008000d18       0x48 ./Core/Src/main.o
 .text.LL_DMA_SetMode
                0x0000000008000d60       0x48 ./Core/Src/main.o
 .text.LL_DMA_SetPeriphIncMode
                0x0000000008000da8       0x48 ./Core/Src/main.o
 .text.LL_DMA_SetMemoryIncMode
                0x0000000008000df0       0x48 ./Core/Src/main.o
 .text.LL_DMA_SetPeriphSize
                0x0000000008000e38       0x48 ./Core/Src/main.o
 .text.LL_DMA_SetMemorySize
                0x0000000008000e80       0x48 ./Core/Src/main.o
 .text.LL_DMA_SetStreamPriorityLevel
                0x0000000008000ec8       0x48 ./Core/Src/main.o
 .text.LL_DMA_SetDataLength
                0x0000000008000f10       0x48 ./Core/Src/main.o
 .text.LL_DMA_SetChannelSelection
                0x0000000008000f58       0x48 ./Core/Src/main.o
 .text.LL_DMA_DisableFifoMode
                0x0000000008000fa0       0x40 ./Core/Src/main.o
 .text.LL_DMA_ConfigAddresses
                0x0000000008000fe0       0x78 ./Core/Src/main.o
 .text.LL_DMA_EnableIT_TE
                0x0000000008001058       0x40 ./Core/Src/main.o
 .text.LL_DMA_EnableIT_TC
                0x0000000008001098       0x40 ./Core/Src/main.o
 .text.LL_RCC_HSE_EnableBypass
                0x00000000080010d8       0x20 ./Core/Src/main.o
 .text.LL_RCC_HSE_Enable
                0x00000000080010f8       0x20 ./Core/Src/main.o
 .text.LL_RCC_HSE_IsReady
                0x0000000008001118       0x28 ./Core/Src/main.o
 .text.LL_RCC_SetSysClkSource
                0x0000000008001140       0x28 ./Core/Src/main.o
 .text.LL_RCC_GetSysClkSource
                0x0000000008001168       0x1c ./Core/Src/main.o
 .text.LL_RCC_SetAHBPrescaler
                0x0000000008001184       0x28 ./Core/Src/main.o
 .text.LL_RCC_SetAPB1Prescaler
                0x00000000080011ac       0x28 ./Core/Src/main.o
 .text.LL_RCC_SetAPB2Prescaler
                0x00000000080011d4       0x28 ./Core/Src/main.o
 .text.LL_RCC_SetTIMPrescaler
                0x00000000080011fc       0x2c ./Core/Src/main.o
 .text.LL_RCC_PLL_Enable
                0x0000000008001228       0x20 ./Core/Src/main.o
 .text.LL_RCC_PLL_IsReady
                0x0000000008001248       0x28 ./Core/Src/main.o
 .text.LL_RCC_PLL_ConfigDomain_SYS
                0x0000000008001270       0x5c ./Core/Src/main.o
 .text.LL_RCC_PLL_ConfigDomain_48M
                0x00000000080012cc       0x40 ./Core/Src/main.o
 .text.LL_AHB1_GRP1_EnableClock
                0x000000000800130c       0x30 ./Core/Src/main.o
 .text.LL_APB1_GRP1_EnableClock
                0x000000000800133c       0x30 ./Core/Src/main.o
 .text.LL_SYSCFG_SetEXTISource
                0x000000000800136c       0x6c ./Core/Src/main.o
 .text.LL_FLASH_SetLatency
                0x00000000080013d8       0x28 ./Core/Src/main.o
 .text.LL_FLASH_GetLatency
                0x0000000008001400       0x1c ./Core/Src/main.o
 .text.LL_PWR_DisableOverDriveMode
                0x000000000800141c       0x20 ./Core/Src/main.o
 .text.LL_PWR_SetRegulVoltageScaling
                0x000000000800143c       0x28 ./Core/Src/main.o
 .text.LL_PWR_IsActiveFlag_VOS
                0x0000000008001464       0x28 ./Core/Src/main.o
 .text.LL_USART_Enable
                0x000000000800148c       0x20 ./Core/Src/main.o
 .text.LL_USART_ConfigAsyncMode
                0x00000000080014ac       0x2c ./Core/Src/main.o
 .text.LL_USART_DMA_GetRegAddr
                0x00000000080014d8       0x18 ./Core/Src/main.o
 .text.LL_GPIO_SetPinMode
                0x00000000080014f0       0x7a ./Core/Src/main.o
 .text.LL_GPIO_SetPinPull
                0x000000000800156a       0x7a ./Core/Src/main.o
 .text.LL_GPIO_ResetOutputPin
                0x00000000080015e4       0x1e ./Core/Src/main.o
 *fill*         0x0000000008001602        0x2 
 .text.main     0x0000000008001604       0x54 ./Core/Src/main.o
                0x0000000008001604                main
 .text.SystemClock_Config
                0x0000000008001658       0xbc ./Core/Src/main.o
                0x0000000008001658                SystemClock_Config
 .text.MX_USART2_UART_Init
                0x0000000008001714      0x1dc ./Core/Src/main.o
 .text.MX_USART3_UART_Init
                0x00000000080018f0       0xa4 ./Core/Src/main.o
 .text.MX_USB_OTG_FS_PCD_Init
                0x0000000008001994       0x5c ./Core/Src/main.o
 .text.MX_DMA_Init
                0x00000000080019f0       0x50 ./Core/Src/main.o
 .text.MX_GPIO_Init
                0x0000000008001a40      0x100 ./Core/Src/main.o
 .text.Error_Handler
                0x0000000008001b40        0xa ./Core/Src/main.o
                0x0000000008001b40                Error_Handler
 *fill*         0x0000000008001b4a        0x2 
 .text.LL_RCC_SetUSBClockSource
                0x0000000008001b4c       0x2c ./Core/Src/stm32f4xx_hal_msp.o
 .text.HAL_MspInit
                0x0000000008001b78       0x50 ./Core/Src/stm32f4xx_hal_msp.o
                0x0000000008001b78                HAL_MspInit
 .text.HAL_PCD_MspInit
                0x0000000008001bc8       0xb8 ./Core/Src/stm32f4xx_hal_msp.o
                0x0000000008001bc8                HAL_PCD_MspInit
 .text.LL_DMA_IsActiveFlag_TC6
                0x0000000008001c80       0x28 ./Core/Src/stm32f4xx_it.o
 .text.LL_DMA_IsActiveFlag_TE6
                0x0000000008001ca8       0x28 ./Core/Src/stm32f4xx_it.o
 .text.LL_DMA_ClearFlag_TC6
                0x0000000008001cd0       0x1c ./Core/Src/stm32f4xx_it.o
 .text.LL_DMA_ClearFlag_TE6
                0x0000000008001cec       0x1c ./Core/Src/stm32f4xx_it.o
 .text.NMI_Handler
                0x0000000008001d08        0x6 ./Core/Src/stm32f4xx_it.o
                0x0000000008001d08                NMI_Handler
 .text.HardFault_Handler
                0x0000000008001d0e        0x6 ./Core/Src/stm32f4xx_it.o
                0x0000000008001d0e                HardFault_Handler
 .text.MemManage_Handler
                0x0000000008001d14        0x6 ./Core/Src/stm32f4xx_it.o
                0x0000000008001d14                MemManage_Handler
 .text.BusFault_Handler
                0x0000000008001d1a        0x6 ./Core/Src/stm32f4xx_it.o
                0x0000000008001d1a                BusFault_Handler
 .text.UsageFault_Handler
                0x0000000008001d20        0x6 ./Core/Src/stm32f4xx_it.o
                0x0000000008001d20                UsageFault_Handler
 .text.SVC_Handler
                0x0000000008001d26        0xe ./Core/Src/stm32f4xx_it.o
                0x0000000008001d26                SVC_Handler
 .text.DebugMon_Handler
                0x0000000008001d34        0xe ./Core/Src/stm32f4xx_it.o
                0x0000000008001d34                DebugMon_Handler
 .text.PendSV_Handler
                0x0000000008001d42        0xe ./Core/Src/stm32f4xx_it.o
                0x0000000008001d42                PendSV_Handler
 .text.SysTick_Handler
                0x0000000008001d50        0xc ./Core/Src/stm32f4xx_it.o
                0x0000000008001d50                SysTick_Handler
 .text.DMA1_Stream5_IRQHandler
                0x0000000008001d5c       0x14 ./Core/Src/stm32f4xx_it.o
                0x0000000008001d5c                DMA1_Stream5_IRQHandler
 .text.DMA1_Stream6_IRQHandler
                0x0000000008001d70       0x48 ./Core/Src/stm32f4xx_it.o
                0x0000000008001d70                DMA1_Stream6_IRQHandler
 .text.USART2_IRQHandler
                0x0000000008001db8       0x2c ./Core/Src/stm32f4xx_it.o
                0x0000000008001db8                USART2_IRQHandler
 .text.SystemInit
                0x0000000008001de4       0x24 ./Core/Src/system_stm32f4xx.o
                0x0000000008001de4                SystemInit
 .text.Reset_Handler
                0x0000000008001e08       0x50 ./Core/Startup/startup_stm32f446zetx.o
                0x0000000008001e08                Reset_Handler
 .text.Default_Handler
                0x0000000008001e58        0x2 ./Core/Startup/startup_stm32f446zetx.o
                0x0000000008001e58                RTC_Alarm_IRQHandler
                0x0000000008001e58                EXTI2_IRQHandler
                0x0000000008001e58                TIM8_CC_IRQHandler
                0x0000000008001e58                FMPI2C1_EV_IRQHandler
                0x0000000008001e58                SPI4_IRQHandler
                0x0000000008001e58                TIM1_CC_IRQHandler
                0x0000000008001e58                DMA2_Stream5_IRQHandler
                0x0000000008001e58                PVD_IRQHandler
                0x0000000008001e58                SDIO_IRQHandler
                0x0000000008001e58                TAMP_STAMP_IRQHandler
                0x0000000008001e58                CAN2_RX1_IRQHandler
                0x0000000008001e58                EXTI3_IRQHandler
                0x0000000008001e58                TIM8_TRG_COM_TIM14_IRQHandler
                0x0000000008001e58                TIM1_UP_TIM10_IRQHandler
                0x0000000008001e58                TIM8_UP_TIM13_IRQHandler
                0x0000000008001e58                I2C3_ER_IRQHandler
                0x0000000008001e58                EXTI0_IRQHandler
                0x0000000008001e58                I2C2_EV_IRQHandler
                0x0000000008001e58                DMA1_Stream2_IRQHandler
                0x0000000008001e58                CAN1_RX0_IRQHandler
                0x0000000008001e58                FPU_IRQHandler
                0x0000000008001e58                OTG_HS_WKUP_IRQHandler
                0x0000000008001e58                CAN2_SCE_IRQHandler
                0x0000000008001e58                DMA2_Stream2_IRQHandler
                0x0000000008001e58                SPI1_IRQHandler
                0x0000000008001e58                TIM6_DAC_IRQHandler
                0x0000000008001e58                TIM1_BRK_TIM9_IRQHandler
                0x0000000008001e58                DCMI_IRQHandler
                0x0000000008001e58                CAN2_RX0_IRQHandler
                0x0000000008001e58                DMA2_Stream3_IRQHandler
                0x0000000008001e58                SAI2_IRQHandler
                0x0000000008001e58                USART6_IRQHandler
                0x0000000008001e58                USART3_IRQHandler
                0x0000000008001e58                CAN1_RX1_IRQHandler
                0x0000000008001e58                UART5_IRQHandler
                0x0000000008001e58                DMA2_Stream0_IRQHandler
                0x0000000008001e58                TIM4_IRQHandler
                0x0000000008001e58                QUADSPI_IRQHandler
                0x0000000008001e58                I2C1_EV_IRQHandler
                0x0000000008001e58                DMA1_Stream1_IRQHandler
                0x0000000008001e58                UART4_IRQHandler
                0x0000000008001e58                TIM3_IRQHandler
                0x0000000008001e58                RCC_IRQHandler
                0x0000000008001e58                TIM8_BRK_TIM12_IRQHandler
                0x0000000008001e58                Default_Handler
                0x0000000008001e58                CEC_IRQHandler
                0x0000000008001e58                EXTI15_10_IRQHandler
                0x0000000008001e58                ADC_IRQHandler
                0x0000000008001e58                DMA1_Stream7_IRQHandler
                0x0000000008001e58                TIM7_IRQHandler
                0x0000000008001e58                CAN2_TX_IRQHandler
                0x0000000008001e58                TIM5_IRQHandler
                0x0000000008001e58                DMA2_Stream7_IRQHandler
                0x0000000008001e58                I2C3_EV_IRQHandler
                0x0000000008001e58                EXTI9_5_IRQHandler
                0x0000000008001e58                RTC_WKUP_IRQHandler
                0x0000000008001e58                SPDIF_RX_IRQHandler
                0x0000000008001e58                SPI2_IRQHandler
                0x0000000008001e58                OTG_HS_EP1_IN_IRQHandler
                0x0000000008001e58                DMA1_Stream0_IRQHandler
                0x0000000008001e58                CAN1_TX_IRQHandler
                0x0000000008001e58                FMPI2C1_ER_IRQHandler
                0x0000000008001e58                EXTI4_IRQHandler
                0x0000000008001e58                OTG_HS_EP1_OUT_IRQHandler
                0x0000000008001e58                WWDG_IRQHandler
                0x0000000008001e58                TIM2_IRQHandler
                0x0000000008001e58                OTG_FS_WKUP_IRQHandler
                0x0000000008001e58                TIM1_TRG_COM_TIM11_IRQHandler
                0x0000000008001e58                OTG_HS_IRQHandler
                0x0000000008001e58                EXTI1_IRQHandler
                0x0000000008001e58                I2C2_ER_IRQHandler
                0x0000000008001e58                DMA2_Stream1_IRQHandler
                0x0000000008001e58                CAN1_SCE_IRQHandler
                0x0000000008001e58                FLASH_IRQHandler
                0x0000000008001e58                DMA2_Stream4_IRQHandler
                0x0000000008001e58                USART1_IRQHandler
                0x0000000008001e58                OTG_FS_IRQHandler
                0x0000000008001e58                SPI3_IRQHandler
                0x0000000008001e58                DMA1_Stream4_IRQHandler
                0x0000000008001e58                I2C1_ER_IRQHandler
                0x0000000008001e58                FMC_IRQHandler
                0x0000000008001e58                DMA2_Stream6_IRQHandler
                0x0000000008001e58                SAI1_IRQHandler
                0x0000000008001e58                DMA1_Stream3_IRQHandler
 *fill*         0x0000000008001e5a        0x2 
 .text.HAL_Init
                0x0000000008001e5c       0x44 ./Drivers/STM32F4xx_HAL_Driver/Src/stm32f4xx_hal.o
                0x0000000008001e5c                HAL_Init
 .text.HAL_InitTick
                0x0000000008001ea0       0x60 ./Drivers/STM32F4xx_HAL_Driver/Src/stm32f4xx_hal.o
                0x0000000008001ea0                HAL_InitTick
 .text.HAL_IncTick
                0x0000000008001f00       0x28 ./Drivers/STM32F4xx_HAL_Driver/Src/stm32f4xx_hal.o
                0x0000000008001f00                HAL_IncTick
 .text.HAL_GetTick
                0x0000000008001f28       0x18 ./Drivers/STM32F4xx_HAL_Driver/Src/stm32f4xx_hal.o
                0x0000000008001f28                HAL_GetTick
 .text.HAL_Delay
                0x0000000008001f40       0x48 ./Drivers/STM32F4xx_HAL_Driver/Src/stm32f4xx_hal.o
                0x0000000008001f40                HAL_Delay
 .text.__NVIC_SetPriorityGrouping
                0x0000000008001f88       0x48 ./Drivers/STM32F4xx_HAL_Driver/Src/stm32f4xx_hal_cortex.o
 .text.__NVIC_GetPriorityGrouping
                0x0000000008001fd0       0x1c ./Drivers/STM32F4xx_HAL_Driver/Src/stm32f4xx_hal_cortex.o
 .text.__NVIC_SetPriority
                0x0000000008001fec       0x54 ./Drivers/STM32F4xx_HAL_Driver/Src/stm32f4xx_hal_cortex.o
 .text.NVIC_EncodePriority
                0x0000000008002040       0x66 ./Drivers/STM32F4xx_HAL_Driver/Src/stm32f4xx_hal_cortex.o
 *fill*         0x00000000080020a6        0x2 
 .text.SysTick_Config
                0x00000000080020a8       0x44 ./Drivers/STM32F4xx_HAL_Driver/Src/stm32f4xx_hal_cortex.o
 .text.HAL_NVIC_SetPriorityGrouping
                0x00000000080020ec       0x16 ./Drivers/STM32F4xx_HAL_Driver/Src/stm32f4xx_hal_cortex.o
                0x00000000080020ec                HAL_NVIC_SetPriorityGrouping
 .text.HAL_NVIC_SetPriority
                0x0000000008002102       0x38 ./Drivers/STM32F4xx_HAL_Driver/Src/stm32f4xx_hal_cortex.o
                0x0000000008002102                HAL_NVIC_SetPriority
 .text.HAL_SYSTICK_Config
                0x000000000800213a       0x18 ./Drivers/STM32F4xx_HAL_Driver/Src/stm32f4xx_hal_cortex.o
                0x000000000800213a                HAL_SYSTICK_Config
 *fill*         0x0000000008002152        0x2 
 .text.HAL_GPIO_Init
                0x0000000008002154      0x328 ./Drivers/STM32F4xx_HAL_Driver/Src/stm32f4xx_hal_gpio.o
                0x0000000008002154                HAL_GPIO_Init
 .text.HAL_PCD_Init
                0x000000000800247c      0x22c ./Drivers/STM32F4xx_HAL_Driver/Src/stm32f4xx_hal_pcd.o
                0x000000000800247c                HAL_PCD_Init
 .text.HAL_PCDEx_ActivateLPM
                0x00000000080026a8       0x48 ./Drivers/STM32F4xx_HAL_Driver/Src/stm32f4xx_hal_pcd_ex.o
                0x00000000080026a8                HAL_PCDEx_ActivateLPM
 .text.LL_EXTI_EnableIT_0_31
                0x00000000080026f0       0x24 ./Drivers/STM32F4xx_HAL_Driver/Src/stm32f4xx_ll_exti.o
 .text.LL_EXTI_DisableIT_0_31
                0x0000000008002714       0x28 ./Drivers/STM32F4xx_HAL_Driver/Src/stm32f4xx_ll_exti.o
 .text.LL_EXTI_EnableEvent_0_31
                0x000000000800273c       0x24 ./Drivers/STM32F4xx_HAL_Driver/Src/stm32f4xx_ll_exti.o
 .text.LL_EXTI_DisableEvent_0_31
                0x0000000008002760       0x28 ./Drivers/STM32F4xx_HAL_Driver/Src/stm32f4xx_ll_exti.o
 .text.LL_EXTI_EnableRisingTrig_0_31
                0x0000000008002788       0x24 ./Drivers/STM32F4xx_HAL_Driver/Src/stm32f4xx_ll_exti.o
 .text.LL_EXTI_DisableRisingTrig_0_31
                0x00000000080027ac       0x28 ./Drivers/STM32F4xx_HAL_Driver/Src/stm32f4xx_ll_exti.o
 .text.LL_EXTI_EnableFallingTrig_0_31
                0x00000000080027d4       0x24 ./Drivers/STM32F4xx_HAL_Driver/Src/stm32f4xx_ll_exti.o
 .text.LL_EXTI_DisableFallingTrig_0_31
                0x00000000080027f8       0x28 ./Drivers/STM32F4xx_HAL_Driver/Src/stm32f4xx_ll_exti.o
 .text.LL_EXTI_Init
                0x0000000008002820       0xfe ./Drivers/STM32F4xx_HAL_Driver/Src/stm32f4xx_ll_exti.o
                0x0000000008002820                LL_EXTI_Init
 .text.LL_GPIO_SetPinMode
                0x000000000800291e       0x7a ./Drivers/STM32F4xx_HAL_Driver/Src/stm32f4xx_ll_gpio.o
 .text.LL_GPIO_SetPinOutputType
                0x0000000008002998       0x30 ./Drivers/STM32F4xx_HAL_Driver/Src/stm32f4xx_ll_gpio.o
 .text.LL_GPIO_SetPinSpeed
                0x00000000080029c8       0x7a ./Drivers/STM32F4xx_HAL_Driver/Src/stm32f4xx_ll_gpio.o
 .text.LL_GPIO_SetPinPull
                0x0000000008002a42       0x7a ./Drivers/STM32F4xx_HAL_Driver/Src/stm32f4xx_ll_gpio.o
 .text.LL_GPIO_SetAFPin_0_7
                0x0000000008002abc       0x7a ./Drivers/STM32F4xx_HAL_Driver/Src/stm32f4xx_ll_gpio.o
 .text.LL_GPIO_SetAFPin_8_15
                0x0000000008002b36       0x7e ./Drivers/STM32F4xx_HAL_Driver/Src/stm32f4xx_ll_gpio.o
 .text.LL_GPIO_Init
                0x0000000008002bb4      0x102 ./Drivers/STM32F4xx_HAL_Driver/Src/stm32f4xx_ll_gpio.o
                0x0000000008002bb4                LL_GPIO_Init
 *fill*         0x0000000008002cb6        0x2 
 .text.LL_RCC_GetSysClkSource
                0x0000000008002cb8       0x1c ./Drivers/STM32F4xx_HAL_Driver/Src/stm32f4xx_ll_rcc.o
 .text.LL_RCC_GetAHBPrescaler
                0x0000000008002cd4       0x1c ./Drivers/STM32F4xx_HAL_Driver/Src/stm32f4xx_ll_rcc.o
 .text.LL_RCC_GetAPB1Prescaler
                0x0000000008002cf0       0x1c ./Drivers/STM32F4xx_HAL_Driver/Src/stm32f4xx_ll_rcc.o
 .text.LL_RCC_GetAPB2Prescaler
                0x0000000008002d0c       0x1c ./Drivers/STM32F4xx_HAL_Driver/Src/stm32f4xx_ll_rcc.o
 .text.LL_RCC_PLL_GetMainSource
                0x0000000008002d28       0x1c ./Drivers/STM32F4xx_HAL_Driver/Src/stm32f4xx_ll_rcc.o
 .text.LL_RCC_PLL_GetN
                0x0000000008002d44       0x1c ./Drivers/STM32F4xx_HAL_Driver/Src/stm32f4xx_ll_rcc.o
 .text.LL_RCC_PLL_GetP
                0x0000000008002d60       0x1c ./Drivers/STM32F4xx_HAL_Driver/Src/stm32f4xx_ll_rcc.o
 .text.LL_RCC_PLL_GetR
                0x0000000008002d7c       0x1c ./Drivers/STM32F4xx_HAL_Driver/Src/stm32f4xx_ll_rcc.o
 .text.LL_RCC_PLL_GetDivider
                0x0000000008002d98       0x1c ./Drivers/STM32F4xx_HAL_Driver/Src/stm32f4xx_ll_rcc.o
 .text.LL_RCC_GetSystemClocksFreq
                0x0000000008002db4       0x4a ./Drivers/STM32F4xx_HAL_Driver/Src/stm32f4xx_ll_rcc.o
                0x0000000008002db4                LL_RCC_GetSystemClocksFreq
 *fill*         0x0000000008002dfe        0x2 
 .text.RCC_GetSystemClockFreq
                0x0000000008002e00       0x88 ./Drivers/STM32F4xx_HAL_Driver/Src/stm32f4xx_ll_rcc.o
                0x0000000008002e00                RCC_GetSystemClockFreq
 .text.RCC_GetHCLKClockFreq
                0x0000000008002e88       0x2c ./Drivers/STM32F4xx_HAL_Driver/Src/stm32f4xx_ll_rcc.o
                0x0000000008002e88                RCC_GetHCLKClockFreq
 .text.RCC_GetPCLK1ClockFreq
                0x0000000008002eb4       0x28 ./Drivers/STM32F4xx_HAL_Driver/Src/stm32f4xx_ll_rcc.o
                0x0000000008002eb4                RCC_GetPCLK1ClockFreq
 .text.RCC_GetPCLK2ClockFreq
                0x0000000008002edc       0x28 ./Drivers/STM32F4xx_HAL_Driver/Src/stm32f4xx_ll_rcc.o
                0x0000000008002edc                RCC_GetPCLK2ClockFreq
 .text.RCC_PLL_GetFreqDomain_SYS
                0x0000000008002f04       0xa4 ./Drivers/STM32F4xx_HAL_Driver/Src/stm32f4xx_ll_rcc.o
                0x0000000008002f04                RCC_PLL_GetFreqDomain_SYS
 .text.LL_USART_IsEnabled
                0x0000000008002fa8       0x28 ./Drivers/STM32F4xx_HAL_Driver/Src/stm32f4xx_ll_usart.o
 .text.LL_USART_SetStopBitsLength
                0x0000000008002fd0       0x26 ./Drivers/STM32F4xx_HAL_Driver/Src/stm32f4xx_ll_usart.o
 .text.LL_USART_SetHWFlowCtrl
                0x0000000008002ff6       0x26 ./Drivers/STM32F4xx_HAL_Driver/Src/stm32f4xx_ll_usart.o
 .text.LL_USART_SetBaudRate
                0x000000000800301c      0x45c ./Drivers/STM32F4xx_HAL_Driver/Src/stm32f4xx_ll_usart.o
 .text.LL_USART_Init
                0x0000000008003478      0x100 ./Drivers/STM32F4xx_HAL_Driver/Src/stm32f4xx_ll_usart.o
                0x0000000008003478                LL_USART_Init
 .text.USB_CoreInit
                0x0000000008003578       0xc8 ./Drivers/STM32F4xx_HAL_Driver/Src/stm32f4xx_ll_usb.o
                0x0000000008003578                USB_CoreInit
 .text.USB_DisableGlobalInt
                0x0000000008003640       0x22 ./Drivers/STM32F4xx_HAL_Driver/Src/stm32f4xx_ll_usb.o
                0x0000000008003640                USB_DisableGlobalInt
 .text.USB_SetCurrentMode
                0x0000000008003662       0x98 ./Drivers/STM32F4xx_HAL_Driver/Src/stm32f4xx_ll_usb.o
                0x0000000008003662                USB_SetCurrentMode
 *fill*         0x00000000080036fa        0x2 
 .text.USB_DevInit
                0x00000000080036fc      0x2bc ./Drivers/STM32F4xx_HAL_Driver/Src/stm32f4xx_ll_usb.o
                0x00000000080036fc                USB_DevInit
 .text.USB_FlushTxFifo
                0x00000000080039b8       0x64 ./Drivers/STM32F4xx_HAL_Driver/Src/stm32f4xx_ll_usb.o
                0x00000000080039b8                USB_FlushTxFifo
 .text.USB_FlushRxFifo
                0x0000000008003a1c       0x5c ./Drivers/STM32F4xx_HAL_Driver/Src/stm32f4xx_ll_usb.o
                0x0000000008003a1c                USB_FlushRxFifo
 .text.USB_SetDevSpeed
                0x0000000008003a78       0x32 ./Drivers/STM32F4xx_HAL_Driver/Src/stm32f4xx_ll_usb.o
                0x0000000008003a78                USB_SetDevSpeed
 .text.USB_DevDisconnect
                0x0000000008003aaa       0x42 ./Drivers/STM32F4xx_HAL_Driver/Src/stm32f4xx_ll_usb.o
                0x0000000008003aaa                USB_DevDisconnect
 .text.USB_GetMode
                0x0000000008003aec       0x1c ./Drivers/STM32F4xx_HAL_Driver/Src/stm32f4xx_ll_usb.o
                0x0000000008003aec                USB_GetMode
 .text.USB_CoreReset
                0x0000000008003b08       0x62 ./Drivers/STM32F4xx_HAL_Driver/Src/stm32f4xx_ll_usb.o
 *fill*         0x0000000008003b6a        0x2 
 .text.LL_SetSystemCoreClock
                0x0000000008003b6c       0x20 ./Drivers/STM32F4xx_HAL_Driver/Src/stm32f4xx_ll_utils.o
                0x0000000008003b6c                LL_SetSystemCoreClock
 .text.__libc_init_array
                0x0000000008003b8c       0x48 C:/ST/STM32CubeIDE_1.12.1/STM32CubeIDE/plugins/com.st.stm32cube.ide.mcu.externaltools.gnu-tools-for-stm32.11.3.rel1.win32_1.1.100.202309141235/tools/bin/../lib/gcc/arm-none-eabi/11.3.1/../../../../arm-none-eabi/lib/thumb/v7e-m+fp/hard\libc_nano.a(libc_a-init.o)
                0x0000000008003b8c                __libc_init_array
 *(.glue_7)
 .glue_7        0x0000000008003bd4        0x0 linker stubs
 *(.glue_7t)
 .glue_7t       0x0000000008003bd4        0x0 linker stubs
 *(.eh_frame)
 .eh_frame      0x0000000008003bd4        0x0 C:/ST/STM32CubeIDE_1.12.1/STM32CubeIDE/plugins/com.st.stm32cube.ide.mcu.externaltools.gnu-tools-for-stm32.11.3.rel1.win32_1.1.100.202309141235/tools/bin/../lib/gcc/arm-none-eabi/11.3.1/thumb/v7e-m+fp/hard/crtbegin.o
 *(.init)
 .init          0x0000000008003bd4        0x4 C:/ST/STM32CubeIDE_1.12.1/STM32CubeIDE/plugins/com.st.stm32cube.ide.mcu.externaltools.gnu-tools-for-stm32.11.3.rel1.win32_1.1.100.202309141235/tools/bin/../lib/gcc/arm-none-eabi/11.3.1/thumb/v7e-m+fp/hard/crti.o
                0x0000000008003bd4                _init
 .init          0x0000000008003bd8        0x8 C:/ST/STM32CubeIDE_1.12.1/STM32CubeIDE/plugins/com.st.stm32cube.ide.mcu.externaltools.gnu-tools-for-stm32.11.3.rel1.win32_1.1.100.202309141235/tools/bin/../lib/gcc/arm-none-eabi/11.3.1/thumb/v7e-m+fp/hard/crtn.o
 *(.fini)
 .fini          0x0000000008003be0        0x4 C:/ST/STM32CubeIDE_1.12.1/STM32CubeIDE/plugins/com.st.stm32cube.ide.mcu.externaltools.gnu-tools-for-stm32.11.3.rel1.win32_1.1.100.202309141235/tools/bin/../lib/gcc/arm-none-eabi/11.3.1/thumb/v7e-m+fp/hard/crti.o
                0x0000000008003be0                _fini
 .fini          0x0000000008003be4        0x8 C:/ST/STM32CubeIDE_1.12.1/STM32CubeIDE/plugins/com.st.stm32cube.ide.mcu.externaltools.gnu-tools-for-stm32.11.3.rel1.win32_1.1.100.202309141235/tools/bin/../lib/gcc/arm-none-eabi/11.3.1/thumb/v7e-m+fp/hard/crtn.o
                0x0000000008003bec                . = ALIGN (0x4)
                0x0000000008003bec                _etext = .

.vfp11_veneer   0x0000000008003bec        0x0
 .vfp11_veneer  0x0000000008003bec        0x0 linker stubs

.v4_bx          0x0000000008003bec        0x0
 .v4_bx         0x0000000008003bec        0x0 linker stubs

.iplt           0x0000000008003bec        0x0
 .iplt          0x0000000008003bec        0x0 C:/ST/STM32CubeIDE_1.12.1/STM32CubeIDE/plugins/com.st.stm32cube.ide.mcu.externaltools.gnu-tools-for-stm32.11.3.rel1.win32_1.1.100.202309141235/tools/bin/../lib/gcc/arm-none-eabi/11.3.1/thumb/v7e-m+fp/hard/crtbegin.o

.rodata         0x0000000008003bec       0x50
                0x0000000008003bec                . = ALIGN (0x4)
 *(.rodata)
 *(.rodata*)
 .rodata.STREAM_OFFSET_TAB
                0x0000000008003bec        0x8 ./Core/Src/LL_UART_DMA.o
 .rodata.STREAM_OFFSET_TAB
                0x0000000008003bf4        0x8 ./Core/Src/main.o
 .rodata.Tx_Buffer
                0x0000000008003bfc       0x26 ./Core/Src/main.o
                0x0000000008003bfc                Tx_Buffer
 *fill*         0x0000000008003c22        0x2 
 .rodata.AHBPrescTable
                0x0000000008003c24       0x10 ./Core/Src/system_stm32f4xx.o
                0x0000000008003c24                AHBPrescTable
 .rodata.APBPrescTable
                0x0000000008003c34        0x8 ./Core/Src/system_stm32f4xx.o
                0x0000000008003c34                APBPrescTable
                0x0000000008003c3c                . = ALIGN (0x4)

.ARM.extab      0x0000000008003c3c        0x0
                0x0000000008003c3c                . = ALIGN (0x4)
 *(.ARM.extab* .gnu.linkonce.armextab.*)
                0x0000000008003c3c                . = ALIGN (0x4)

.ARM            0x0000000008003c3c        0x8
                0x0000000008003c3c                . = ALIGN (0x4)
                0x0000000008003c3c                __exidx_start = .
 *(.ARM.exidx*)
 .ARM.exidx     0x0000000008003c3c        0x8 C:/ST/STM32CubeIDE_1.12.1/STM32CubeIDE/plugins/com.st.stm32cube.ide.mcu.externaltools.gnu-tools-for-stm32.11.3.rel1.win32_1.1.100.202309141235/tools/bin/../lib/gcc/arm-none-eabi/11.3.1/thumb/v7e-m+fp/hard\libgcc.a(_udivmoddi4.o)
                0x0000000008003c44                __exidx_end = .
                0x0000000008003c44                . = ALIGN (0x4)

.rel.dyn        0x0000000008003c44        0x0
 .rel.iplt      0x0000000008003c44        0x0 C:/ST/STM32CubeIDE_1.12.1/STM32CubeIDE/plugins/com.st.stm32cube.ide.mcu.externaltools.gnu-tools-for-stm32.11.3.rel1.win32_1.1.100.202309141235/tools/bin/../lib/gcc/arm-none-eabi/11.3.1/thumb/v7e-m+fp/hard/crtbegin.o

.preinit_array  0x0000000008003c44        0x0
                0x0000000008003c44                . = ALIGN (0x4)
                0x0000000008003c44                PROVIDE (__preinit_array_start = .)
 *(.preinit_array*)
                0x0000000008003c44                PROVIDE (__preinit_array_end = .)
                0x0000000008003c44                . = ALIGN (0x4)

.init_array     0x0000000008003c44        0x4
                0x0000000008003c44                . = ALIGN (0x4)
                0x0000000008003c44                PROVIDE (__init_array_start = .)
 *(SORT_BY_NAME(.init_array.*))
 *(.init_array*)
 .init_array    0x0000000008003c44        0x4 C:/ST/STM32CubeIDE_1.12.1/STM32CubeIDE/plugins/com.st.stm32cube.ide.mcu.externaltools.gnu-tools-for-stm32.11.3.rel1.win32_1.1.100.202309141235/tools/bin/../lib/gcc/arm-none-eabi/11.3.1/thumb/v7e-m+fp/hard/crtbegin.o
                0x0000000008003c48                PROVIDE (__init_array_end = .)
                0x0000000008003c48                . = ALIGN (0x4)

.fini_array     0x0000000008003c48        0x4
                0x0000000008003c48                . = ALIGN (0x4)
                [!provide]                        PROVIDE (__fini_array_start = .)
 *(SORT_BY_NAME(.fini_array.*))
 *(.fini_array*)
 .fini_array    0x0000000008003c48        0x4 C:/ST/STM32CubeIDE_1.12.1/STM32CubeIDE/plugins/com.st.stm32cube.ide.mcu.externaltools.gnu-tools-for-stm32.11.3.rel1.win32_1.1.100.202309141235/tools/bin/../lib/gcc/arm-none-eabi/11.3.1/thumb/v7e-m+fp/hard/crtbegin.o
                [!provide]                        PROVIDE (__fini_array_end = .)
                0x0000000008003c4c                . = ALIGN (0x4)
                0x0000000008003c4c                _sidata = LOADADDR (.data)

.data           0x0000000020000000       0x10 load address 0x0000000008003c4c
                0x0000000020000000                . = ALIGN (0x4)
                0x0000000020000000                _sdata = .
 *(.data)
 *(.data*)
 .data.Tx_Data_Size
                0x0000000020000000        0x1 ./Core/Src/main.o
                0x0000000020000000                Tx_Data_Size
 *fill*         0x0000000020000001        0x3 
 .data.SystemCoreClock
                0x0000000020000004        0x4 ./Core/Src/system_stm32f4xx.o
                0x0000000020000004                SystemCoreClock
 .data.uwTickPrio
                0x0000000020000008        0x4 ./Drivers/STM32F4xx_HAL_Driver/Src/stm32f4xx_hal.o
                0x0000000020000008                uwTickPrio
 .data.uwTickFreq
                0x000000002000000c        0x1 ./Drivers/STM32F4xx_HAL_Driver/Src/stm32f4xx_hal.o
                0x000000002000000c                uwTickFreq
 *(.RamFunc)
 *(.RamFunc*)
                0x0000000020000010                . = ALIGN (0x4)
 *fill*         0x000000002000000d        0x3 
                0x0000000020000010                _edata = .

.igot.plt       0x0000000020000010        0x0 load address 0x0000000008003c5c
 .igot.plt      0x0000000020000010        0x0 C:/ST/STM32CubeIDE_1.12.1/STM32CubeIDE/plugins/com.st.stm32cube.ide.mcu.externaltools.gnu-tools-for-stm32.11.3.rel1.win32_1.1.100.202309141235/tools/bin/../lib/gcc/arm-none-eabi/11.3.1/thumb/v7e-m+fp/hard/crtbegin.o
                0x0000000020000010                . = ALIGN (0x4)

.bss            0x0000000020000010      0x520 load address 0x0000000008003c5c
                0x0000000020000010                _sbss = .
                0x0000000020000010                __bss_start__ = _sbss
 *(.bss)
 .bss           0x0000000020000010       0x1c C:/ST/STM32CubeIDE_1.12.1/STM32CubeIDE/plugins/com.st.stm32cube.ide.mcu.externaltools.gnu-tools-for-stm32.11.3.rel1.win32_1.1.100.202309141235/tools/bin/../lib/gcc/arm-none-eabi/11.3.1/thumb/v7e-m+fp/hard/crtbegin.o
 *(.bss*)
 .bss.Rx_Buffer
                0x000000002000002c        0xa ./Core/Src/LL_UART_DMA.o
                0x000000002000002c                Rx_Buffer
 .bss.Rx_Error  0x0000000020000036        0x1 ./Core/Src/LL_UART_DMA.o
                0x0000000020000036                Rx_Error
 .bss.Rx_Cmplt  0x0000000020000037        0x1 ./Core/Src/LL_UART_DMA.o
                0x0000000020000037                Rx_Cmplt
 .bss.Recieved_Data
                0x0000000020000038        0xa ./Core/Src/LL_UART_DMA.o
                0x0000000020000038                Recieved_Data
 .bss.Pos       0x0000000020000042        0x1 ./Core/Src/LL_UART_DMA.o
                0x0000000020000042                Pos
 .bss.Old_Pos   0x0000000020000043        0x1 ./Core/Src/LL_UART_DMA.o
                0x0000000020000043                Old_Pos
 .bss.hpcd_USB_OTG_FS
                0x0000000020000044      0x4e4 ./Core/Src/main.o
                0x0000000020000044                hpcd_USB_OTG_FS
 .bss.Tx_Cmplt  0x0000000020000528        0x1 ./Core/Src/main.o
                0x0000000020000528                Tx_Cmplt
 .bss.Tx_Error  0x0000000020000529        0x1 ./Core/Src/main.o
                0x0000000020000529                Tx_Error
 *fill*         0x000000002000052a        0x2 
 .bss.uwTick    0x000000002000052c        0x4 ./Drivers/STM32F4xx_HAL_Driver/Src/stm32f4xx_hal.o
                0x000000002000052c                uwTick
 *(COMMON)
                0x0000000020000530                . = ALIGN (0x4)
                0x0000000020000530                _ebss = .
                0x0000000020000530                __bss_end__ = _ebss

._user_heap_stack
                0x0000000020000530      0x600 load address 0x0000000008003c5c
                0x0000000020000530                . = ALIGN (0x8)
                [!provide]                        PROVIDE (end = .)
                0x0000000020000530                PROVIDE (_end = .)
                0x0000000020000730                . = (. + _Min_Heap_Size)
 *fill*         0x0000000020000530      0x200 
                0x0000000020000b30                . = (. + _Min_Stack_Size)
 *fill*         0x0000000020000730      0x400 
                0x0000000020000b30                . = ALIGN (0x8)

/DISCARD/
 libc.a(*)
 libm.a(*)
 libgcc.a(*)

.ARM.attributes
                0x0000000000000000       0x30
 *(.ARM.attributes)
 .ARM.attributes
                0x0000000000000000       0x1e C:/ST/STM32CubeIDE_1.12.1/STM32CubeIDE/plugins/com.st.stm32cube.ide.mcu.externaltools.gnu-tools-for-stm32.11.3.rel1.win32_1.1.100.202309141235/tools/bin/../lib/gcc/arm-none-eabi/11.3.1/thumb/v7e-m+fp/hard/crti.o
 .ARM.attributes
                0x000000000000001e       0x34 C:/ST/STM32CubeIDE_1.12.1/STM32CubeIDE/plugins/com.st.stm32cube.ide.mcu.externaltools.gnu-tools-for-stm32.11.3.rel1.win32_1.1.100.202309141235/tools/bin/../lib/gcc/arm-none-eabi/11.3.1/thumb/v7e-m+fp/hard/crtbegin.o
 .ARM.attributes
                0x0000000000000052       0x34 ./Core/Src/LL_UART_DMA.o
 .ARM.attributes
                0x0000000000000086       0x34 ./Core/Src/main.o
 .ARM.attributes
                0x00000000000000ba       0x34 ./Core/Src/stm32f4xx_hal_msp.o
 .ARM.attributes
                0x00000000000000ee       0x34 ./Core/Src/stm32f4xx_it.o
 .ARM.attributes
                0x0000000000000122       0x34 ./Core/Src/system_stm32f4xx.o
 .ARM.attributes
                0x0000000000000156       0x21 ./Core/Startup/startup_stm32f446zetx.o
 .ARM.attributes
                0x0000000000000177       0x34 ./Drivers/STM32F4xx_HAL_Driver/Src/stm32f4xx_hal.o
 .ARM.attributes
                0x00000000000001ab       0x34 ./Drivers/STM32F4xx_HAL_Driver/Src/stm32f4xx_hal_cortex.o
 .ARM.attributes
                0x00000000000001df       0x34 ./Drivers/STM32F4xx_HAL_Driver/Src/stm32f4xx_hal_gpio.o
 .ARM.attributes
                0x0000000000000213       0x34 ./Drivers/STM32F4xx_HAL_Driver/Src/stm32f4xx_hal_pcd.o
 .ARM.attributes
                0x0000000000000247       0x34 ./Drivers/STM32F4xx_HAL_Driver/Src/stm32f4xx_hal_pcd_ex.o
 .ARM.attributes
                0x000000000000027b       0x34 ./Drivers/STM32F4xx_HAL_Driver/Src/stm32f4xx_ll_exti.o
 .ARM.attributes
                0x00000000000002af       0x34 ./Drivers/STM32F4xx_HAL_Driver/Src/stm32f4xx_ll_gpio.o
 .ARM.attributes
                0x00000000000002e3       0x34 ./Drivers/STM32F4xx_HAL_Driver/Src/stm32f4xx_ll_rcc.o
 .ARM.attributes
                0x0000000000000317       0x34 ./Drivers/STM32F4xx_HAL_Driver/Src/stm32f4xx_ll_usart.o
 .ARM.attributes
                0x000000000000034b       0x34 ./Drivers/STM32F4xx_HAL_Driver/Src/stm32f4xx_ll_usb.o
 .ARM.attributes
                0x000000000000037f       0x34 ./Drivers/STM32F4xx_HAL_Driver/Src/stm32f4xx_ll_utils.o
 .ARM.attributes
                0x00000000000003b3       0x34 C:/ST/STM32CubeIDE_1.12.1/STM32CubeIDE/plugins/com.st.stm32cube.ide.mcu.externaltools.gnu-tools-for-stm32.11.3.rel1.win32_1.1.100.202309141235/tools/bin/../lib/gcc/arm-none-eabi/11.3.1/../../../../arm-none-eabi/lib/thumb/v7e-m+fp/hard\libc_nano.a(libc_a-init.o)
 .ARM.attributes
                0x00000000000003e7       0x1e C:/ST/STM32CubeIDE_1.12.1/STM32CubeIDE/plugins/com.st.stm32cube.ide.mcu.externaltools.gnu-tools-for-stm32.11.3.rel1.win32_1.1.100.202309141235/tools/bin/../lib/gcc/arm-none-eabi/11.3.1/thumb/v7e-m+fp/hard\libgcc.a(_aeabi_uldivmod.o)
 .ARM.attributes
                0x0000000000000405       0x34 C:/ST/STM32CubeIDE_1.12.1/STM32CubeIDE/plugins/com.st.stm32cube.ide.mcu.externaltools.gnu-tools-for-stm32.11.3.rel1.win32_1.1.100.202309141235/tools/bin/../lib/gcc/arm-none-eabi/11.3.1/thumb/v7e-m+fp/hard\libgcc.a(_udivmoddi4.o)
 .ARM.attributes
                0x0000000000000439       0x1e C:/ST/STM32CubeIDE_1.12.1/STM32CubeIDE/plugins/com.st.stm32cube.ide.mcu.externaltools.gnu-tools-for-stm32.11.3.rel1.win32_1.1.100.202309141235/tools/bin/../lib/gcc/arm-none-eabi/11.3.1/thumb/v7e-m+fp/hard\libgcc.a(_dvmd_tls.o)
 .ARM.attributes
                0x0000000000000457       0x1e C:/ST/STM32CubeIDE_1.12.1/STM32CubeIDE/plugins/com.st.stm32cube.ide.mcu.externaltools.gnu-tools-for-stm32.11.3.rel1.win32_1.1.100.202309141235/tools/bin/../lib/gcc/arm-none-eabi/11.3.1/thumb/v7e-m+fp/hard/crtn.o
OUTPUT(NUCLEO-F446ZE_UART_DMA_LL.elf elf32-littlearm)
LOAD linker stubs
LOAD C:/ST/STM32CubeIDE_1.12.1/STM32CubeIDE/plugins/com.st.stm32cube.ide.mcu.externaltools.gnu-tools-for-stm32.11.3.rel1.win32_1.1.100.202309141235/tools/bin/../lib/gcc/arm-none-eabi/11.3.1/../../../../arm-none-eabi/lib/thumb/v7e-m+fp/hard\libc.a
LOAD C:/ST/STM32CubeIDE_1.12.1/STM32CubeIDE/plugins/com.st.stm32cube.ide.mcu.externaltools.gnu-tools-for-stm32.11.3.rel1.win32_1.1.100.202309141235/tools/bin/../lib/gcc/arm-none-eabi/11.3.1/../../../../arm-none-eabi/lib/thumb/v7e-m+fp/hard\libm.a
LOAD C:/ST/STM32CubeIDE_1.12.1/STM32CubeIDE/plugins/com.st.stm32cube.ide.mcu.externaltools.gnu-tools-for-stm32.11.3.rel1.win32_1.1.100.202309141235/tools/bin/../lib/gcc/arm-none-eabi/11.3.1/thumb/v7e-m+fp/hard\libgcc.a

.comment        0x0000000000000000       0x43
 .comment       0x0000000000000000       0x43 C:/ST/STM32CubeIDE_1.12.1/STM32CubeIDE/plugins/com.st.stm32cube.ide.mcu.externaltools.gnu-tools-for-stm32.11.3.rel1.win32_1.1.100.202309141235/tools/bin/../lib/gcc/arm-none-eabi/11.3.1/thumb/v7e-m+fp/hard/crtbegin.o
                                         0x44 (size before relaxing)
 .comment       0x0000000000000043       0x44 ./Core/Src/LL_UART_DMA.o
 .comment       0x0000000000000043       0x44 ./Core/Src/main.o
 .comment       0x0000000000000043       0x44 ./Core/Src/stm32f4xx_hal_msp.o
 .comment       0x0000000000000043       0x44 ./Core/Src/stm32f4xx_it.o
 .comment       0x0000000000000043       0x44 ./Core/Src/system_stm32f4xx.o
 .comment       0x0000000000000043       0x44 ./Drivers/STM32F4xx_HAL_Driver/Src/stm32f4xx_hal.o
 .comment       0x0000000000000043       0x44 ./Drivers/STM32F4xx_HAL_Driver/Src/stm32f4xx_hal_cortex.o
 .comment       0x0000000000000043       0x44 ./Drivers/STM32F4xx_HAL_Driver/Src/stm32f4xx_hal_gpio.o
 .comment       0x0000000000000043       0x44 ./Drivers/STM32F4xx_HAL_Driver/Src/stm32f4xx_hal_pcd.o
 .comment       0x0000000000000043       0x44 ./Drivers/STM32F4xx_HAL_Driver/Src/stm32f4xx_hal_pcd_ex.o
 .comment       0x0000000000000043       0x44 ./Drivers/STM32F4xx_HAL_Driver/Src/stm32f4xx_ll_exti.o
 .comment       0x0000000000000043       0x44 ./Drivers/STM32F4xx_HAL_Driver/Src/stm32f4xx_ll_gpio.o
 .comment       0x0000000000000043       0x44 ./Drivers/STM32F4xx_HAL_Driver/Src/stm32f4xx_ll_rcc.o
 .comment       0x0000000000000043       0x44 ./Drivers/STM32F4xx_HAL_Driver/Src/stm32f4xx_ll_usart.o
 .comment       0x0000000000000043       0x44 ./Drivers/STM32F4xx_HAL_Driver/Src/stm32f4xx_ll_usb.o
 .comment       0x0000000000000043       0x44 ./Drivers/STM32F4xx_HAL_Driver/Src/stm32f4xx_ll_utils.o

.debug_info     0x0000000000000000     0xc492
 .debug_info    0x0000000000000000     0x122a ./Core/Src/LL_UART_DMA.o
 .debug_info    0x000000000000122a     0x2126 ./Core/Src/main.o
 .debug_info    0x0000000000003350      0x9d1 ./Core/Src/stm32f4xx_hal_msp.o
 .debug_info    0x0000000000003d21      0x36f ./Core/Src/stm32f4xx_it.o
 .debug_info    0x0000000000004090      0x54a ./Core/Src/system_stm32f4xx.o
 .debug_info    0x00000000000045da       0x23 ./Core/Startup/startup_stm32f446zetx.o
 .debug_info    0x00000000000045fd      0x99a ./Drivers/STM32F4xx_HAL_Driver/Src/stm32f4xx_hal.o
 .debug_info    0x0000000000004f97      0xd75 ./Drivers/STM32F4xx_HAL_Driver/Src/stm32f4xx_hal_cortex.o
 .debug_info    0x0000000000005d0c      0x70b ./Drivers/STM32F4xx_HAL_Driver/Src/stm32f4xx_hal_gpio.o
 .debug_info    0x0000000000006417     0x15e3 ./Drivers/STM32F4xx_HAL_Driver/Src/stm32f4xx_hal_pcd.o
 .debug_info    0x00000000000079fa      0x7b4 ./Drivers/STM32F4xx_HAL_Driver/Src/stm32f4xx_hal_pcd_ex.o
 .debug_info    0x00000000000081ae      0x337 ./Drivers/STM32F4xx_HAL_Driver/Src/stm32f4xx_ll_exti.o
 .debug_info    0x00000000000084e5      0x957 ./Drivers/STM32F4xx_HAL_Driver/Src/stm32f4xx_ll_gpio.o
 .debug_info    0x0000000000008e3c      0xbf9 ./Drivers/STM32F4xx_HAL_Driver/Src/stm32f4xx_ll_rcc.o
 .debug_info    0x0000000000009a35      0x722 ./Drivers/STM32F4xx_HAL_Driver/Src/stm32f4xx_ll_usart.o
 .debug_info    0x000000000000a157     0x19f1 ./Drivers/STM32F4xx_HAL_Driver/Src/stm32f4xx_ll_usb.o
 .debug_info    0x000000000000bb48      0x94a ./Drivers/STM32F4xx_HAL_Driver/Src/stm32f4xx_ll_utils.o

.debug_abbrev   0x0000000000000000     0x23cf
 .debug_abbrev  0x0000000000000000      0x2a7 ./Core/Src/LL_UART_DMA.o
 .debug_abbrev  0x00000000000002a7      0x432 ./Core/Src/main.o
 .debug_abbrev  0x00000000000006d9      0x1fd ./Core/Src/stm32f4xx_hal_msp.o
 .debug_abbrev  0x00000000000008d6      0x199 ./Core/Src/stm32f4xx_it.o
 .debug_abbrev  0x0000000000000a6f      0x11a ./Core/Src/system_stm32f4xx.o
 .debug_abbrev  0x0000000000000b89       0x12 ./Core/Startup/startup_stm32f446zetx.o
 .debug_abbrev  0x0000000000000b9b      0x214 ./Drivers/STM32F4xx_HAL_Driver/Src/stm32f4xx_hal.o
 .debug_abbrev  0x0000000000000daf      0x328 ./Drivers/STM32F4xx_HAL_Driver/Src/stm32f4xx_hal_cortex.o
 .debug_abbrev  0x00000000000010d7      0x1d4 ./Drivers/STM32F4xx_HAL_Driver/Src/stm32f4xx_hal_gpio.o
 .debug_abbrev  0x00000000000012ab      0x2d0 ./Drivers/STM32F4xx_HAL_Driver/Src/stm32f4xx_hal_pcd.o
 .debug_abbrev  0x000000000000157b      0x1dd ./Drivers/STM32F4xx_HAL_Driver/Src/stm32f4xx_hal_pcd_ex.o
 .debug_abbrev  0x0000000000001758      0x18a ./Drivers/STM32F4xx_HAL_Driver/Src/stm32f4xx_ll_exti.o
 .debug_abbrev  0x00000000000018e2      0x237 ./Drivers/STM32F4xx_HAL_Driver/Src/stm32f4xx_ll_gpio.o
 .debug_abbrev  0x0000000000001b19      0x1ee ./Drivers/STM32F4xx_HAL_Driver/Src/stm32f4xx_ll_rcc.o
 .debug_abbrev  0x0000000000001d07      0x1f2 ./Drivers/STM32F4xx_HAL_Driver/Src/stm32f4xx_ll_usart.o
 .debug_abbrev  0x0000000000001ef9      0x2b3 ./Drivers/STM32F4xx_HAL_Driver/Src/stm32f4xx_ll_usb.o
 .debug_abbrev  0x00000000000021ac      0x223 ./Drivers/STM32F4xx_HAL_Driver/Src/stm32f4xx_ll_utils.o

.debug_aranges  0x0000000000000000      0xdf0
 .debug_aranges
                0x0000000000000000       0xf0 ./Core/Src/LL_UART_DMA.o
 .debug_aranges
                0x00000000000000f0      0x1e0 ./Core/Src/main.o
 .debug_aranges
                0x00000000000002d0       0x38 ./Core/Src/stm32f4xx_hal_msp.o
 .debug_aranges
                0x0000000000000308       0x98 ./Core/Src/stm32f4xx_it.o
 .debug_aranges
                0x00000000000003a0       0x28 ./Core/Src/system_stm32f4xx.o
 .debug_aranges
                0x00000000000003c8       0x28 ./Core/Startup/startup_stm32f446zetx.o
 .debug_aranges
                0x00000000000003f0       0xf0 ./Drivers/STM32F4xx_HAL_Driver/Src/stm32f4xx_hal.o
 .debug_aranges
                0x00000000000004e0      0x120 ./Drivers/STM32F4xx_HAL_Driver/Src/stm32f4xx_hal_cortex.o
 .debug_aranges
                0x0000000000000600       0x58 ./Drivers/STM32F4xx_HAL_Driver/Src/stm32f4xx_hal_gpio.o
 .debug_aranges
                0x0000000000000658      0x148 ./Drivers/STM32F4xx_HAL_Driver/Src/stm32f4xx_hal_pcd.o
 .debug_aranges
                0x00000000000007a0       0x48 ./Drivers/STM32F4xx_HAL_Driver/Src/stm32f4xx_hal_pcd_ex.o
 .debug_aranges
                0x00000000000007e8       0x70 ./Drivers/STM32F4xx_HAL_Driver/Src/stm32f4xx_ll_exti.o
 .debug_aranges
                0x0000000000000858       0x70 ./Drivers/STM32F4xx_HAL_Driver/Src/stm32f4xx_ll_gpio.o
 .debug_aranges
                0x00000000000008c8      0x200 ./Drivers/STM32F4xx_HAL_Driver/Src/stm32f4xx_ll_rcc.o
 .debug_aranges
                0x0000000000000ac8       0x88 ./Drivers/STM32F4xx_HAL_Driver/Src/stm32f4xx_ll_usart.o
 .debug_aranges
                0x0000000000000b50      0x1a0 ./Drivers/STM32F4xx_HAL_Driver/Src/stm32f4xx_ll_usb.o
 .debug_aranges
                0x0000000000000cf0      0x100 ./Drivers/STM32F4xx_HAL_Driver/Src/stm32f4xx_ll_utils.o

.debug_rnglists
                0x0000000000000000      0xa56
 .debug_rnglists
                0x0000000000000000       0xb1 ./Core/Src/LL_UART_DMA.o
 .debug_rnglists
                0x00000000000000b1      0x167 ./Core/Src/main.o
 .debug_rnglists
                0x0000000000000218       0x26 ./Core/Src/stm32f4xx_hal_msp.o
 .debug_rnglists
                0x000000000000023e       0x6d ./Core/Src/stm32f4xx_it.o
 .debug_rnglists
                0x00000000000002ab       0x1a ./Core/Src/system_stm32f4xx.o
 .debug_rnglists
                0x00000000000002c5       0x19 ./Core/Startup/startup_stm32f446zetx.o
 .debug_rnglists
                0x00000000000002de       0xaf ./Drivers/STM32F4xx_HAL_Driver/Src/stm32f4xx_hal.o
 .debug_rnglists
                0x000000000000038d       0xd4 ./Drivers/STM32F4xx_HAL_Driver/Src/stm32f4xx_hal_cortex.o
 .debug_rnglists
                0x0000000000000461       0x3f ./Drivers/STM32F4xx_HAL_Driver/Src/stm32f4xx_hal_gpio.o
 .debug_rnglists
                0x00000000000004a0       0xfa ./Drivers/STM32F4xx_HAL_Driver/Src/stm32f4xx_hal_pcd.o
 .debug_rnglists
                0x000000000000059a       0x32 ./Drivers/STM32F4xx_HAL_Driver/Src/stm32f4xx_hal_pcd_ex.o
 .debug_rnglists
                0x00000000000005cc       0x50 ./Drivers/STM32F4xx_HAL_Driver/Src/stm32f4xx_ll_exti.o
 .debug_rnglists
                0x000000000000061c       0x51 ./Drivers/STM32F4xx_HAL_Driver/Src/stm32f4xx_ll_gpio.o
 .debug_rnglists
                0x000000000000066d      0x180 ./Drivers/STM32F4xx_HAL_Driver/Src/stm32f4xx_ll_rcc.o
 .debug_rnglists
                0x00000000000007ed       0x64 ./Drivers/STM32F4xx_HAL_Driver/Src/stm32f4xx_ll_usart.o
 .debug_rnglists
                0x0000000000000851      0x147 ./Drivers/STM32F4xx_HAL_Driver/Src/stm32f4xx_ll_usb.o
 .debug_rnglists
                0x0000000000000998       0xbe ./Drivers/STM32F4xx_HAL_Driver/Src/stm32f4xx_ll_utils.o

.debug_macro    0x0000000000000000    0x23dde
 .debug_macro   0x0000000000000000      0x247 ./Core/Src/LL_UART_DMA.o
 .debug_macro   0x0000000000000247      0xaae ./Core/Src/LL_UART_DMA.o
 .debug_macro   0x0000000000000cf5      0x295 ./Core/Src/LL_UART_DMA.o
 .debug_macro   0x0000000000000f8a       0x2e ./Core/Src/LL_UART_DMA.o
 .debug_macro   0x0000000000000fb8       0x28 ./Core/Src/LL_UART_DMA.o
 .debug_macro   0x0000000000000fe0       0x22 ./Core/Src/LL_UART_DMA.o
 .debug_macro   0x0000000000001002       0x8e ./Core/Src/LL_UART_DMA.o
 .debug_macro   0x0000000000001090       0x51 ./Core/Src/LL_UART_DMA.o
 .debug_macro   0x00000000000010e1      0x103 ./Core/Src/LL_UART_DMA.o
 .debug_macro   0x00000000000011e4       0x6a ./Core/Src/LL_UART_DMA.o
 .debug_macro   0x000000000000124e      0x1df ./Core/Src/LL_UART_DMA.o
 .debug_macro   0x000000000000142d       0x1c ./Core/Src/LL_UART_DMA.o
 .debug_macro   0x0000000000001449       0x22 ./Core/Src/LL_UART_DMA.o
 .debug_macro   0x000000000000146b       0xfb ./Core/Src/LL_UART_DMA.o
 .debug_macro   0x0000000000001566     0x1011 ./Core/Src/LL_UART_DMA.o
 .debug_macro   0x0000000000002577      0x11f ./Core/Src/LL_UART_DMA.o
 .debug_macro   0x0000000000002696    0x16749 ./Core/Src/LL_UART_DMA.o
 .debug_macro   0x0000000000018ddf       0x6d ./Core/Src/LL_UART_DMA.o
 .debug_macro   0x0000000000018e4c     0x368c ./Core/Src/LL_UART_DMA.o
 .debug_macro   0x000000000001c4d8      0x174 ./Core/Src/LL_UART_DMA.o
 .debug_macro   0x000000000001c64c       0x5c ./Core/Src/LL_UART_DMA.o
 .debug_macro   0x000000000001c6a8      0xca5 ./Core/Src/LL_UART_DMA.o
 .debug_macro   0x000000000001d34d      0x9e9 ./Core/Src/LL_UART_DMA.o
 .debug_macro   0x000000000001dd36      0x115 ./Core/Src/LL_UART_DMA.o
 .debug_macro   0x000000000001de4b      0x1a0 ./Core/Src/LL_UART_DMA.o
 .debug_macro   0x000000000001dfeb       0xa5 ./Core/Src/LL_UART_DMA.o
 .debug_macro   0x000000000001e090      0x16d ./Core/Src/LL_UART_DMA.o
 .debug_macro   0x000000000001e1fd      0x287 ./Core/Src/LL_UART_DMA.o
 .debug_macro   0x000000000001e484       0x5f ./Core/Src/LL_UART_DMA.o
 .debug_macro   0x000000000001e4e3      0x236 ./Core/Src/LL_UART_DMA.o
 .debug_macro   0x000000000001e719      0x132 ./Core/Src/LL_UART_DMA.o
 .debug_macro   0x000000000001e84b      0x29c ./Core/Src/LL_UART_DMA.o
 .debug_macro   0x000000000001eae7       0x2e ./Core/Src/LL_UART_DMA.o
 .debug_macro   0x000000000001eb15      0x127 ./Core/Src/LL_UART_DMA.o
 .debug_macro   0x000000000001ec3c       0xe8 ./Core/Src/LL_UART_DMA.o
 .debug_macro   0x000000000001ed24       0x89 ./Core/Src/LL_UART_DMA.o
 .debug_macro   0x000000000001edad      0x293 ./Core/Src/LL_UART_DMA.o
 .debug_macro   0x000000000001f040       0xba ./Core/Src/LL_UART_DMA.o
 .debug_macro   0x000000000001f0fa      0x126 ./Core/Src/LL_UART_DMA.o
 .debug_macro   0x000000000001f220      0x1e6 ./Core/Src/LL_UART_DMA.o
 .debug_macro   0x000000000001f406      0xd69 ./Core/Src/LL_UART_DMA.o
 .debug_macro   0x000000000002016f      0x1db ./Core/Src/LL_UART_DMA.o
 .debug_macro   0x000000000002034a      0x21c ./Core/Src/LL_UART_DMA.o
 .debug_macro   0x0000000000020566       0xe8 ./Core/Src/LL_UART_DMA.o
 .debug_macro   0x000000000002064e      0x1a6 ./Core/Src/LL_UART_DMA.o
 .debug_macro   0x00000000000207f4       0x61 ./Core/Src/LL_UART_DMA.o
 .debug_macro   0x0000000000020855       0xd5 ./Core/Src/LL_UART_DMA.o
 .debug_macro   0x000000000002092a      0x1bb ./Core/Src/LL_UART_DMA.o
 .debug_macro   0x0000000000020ae5      0x149 ./Core/Src/LL_UART_DMA.o
 .debug_macro   0x0000000000020c2e       0xc4 ./Core/Src/LL_UART_DMA.o
 .debug_macro   0x0000000000020cf2      0x24b ./Core/Src/main.o
 .debug_macro   0x0000000000020f3d      0x23d ./Core/Src/stm32f4xx_hal_msp.o
 .debug_macro   0x000000000002117a      0x255 ./Core/Src/stm32f4xx_it.o
 .debug_macro   0x00000000000213cf      0x1d4 ./Core/Src/system_stm32f4xx.o
 .debug_macro   0x00000000000215a3      0x234 ./Drivers/STM32F4xx_HAL_Driver/Src/stm32f4xx_hal.o
 .debug_macro   0x00000000000217d7      0x1d4 ./Drivers/STM32F4xx_HAL_Driver/Src/stm32f4xx_hal_cortex.o
 .debug_macro   0x00000000000219ab      0x1da ./Drivers/STM32F4xx_HAL_Driver/Src/stm32f4xx_hal_gpio.o
 .debug_macro   0x0000000000021b85      0x1e0 ./Drivers/STM32F4xx_HAL_Driver/Src/stm32f4xx_hal_pcd.o
 .debug_macro   0x0000000000021d65      0x1d4 ./Drivers/STM32F4xx_HAL_Driver/Src/stm32f4xx_hal_pcd_ex.o
 .debug_macro   0x0000000000021f39      0x1fb ./Drivers/STM32F4xx_HAL_Driver/Src/stm32f4xx_ll_exti.o
 .debug_macro   0x0000000000022134       0xe2 ./Drivers/STM32F4xx_HAL_Driver/Src/stm32f4xx_ll_exti.o
 .debug_macro   0x0000000000022216      0x216 ./Drivers/STM32F4xx_HAL_Driver/Src/stm32f4xx_ll_gpio.o
 .debug_macro   0x000000000002242c      0x143 ./Drivers/STM32F4xx_HAL_Driver/Src/stm32f4xx_ll_gpio.o
 .debug_macro   0x000000000002256f      0x213 ./Drivers/STM32F4xx_HAL_Driver/Src/stm32f4xx_ll_rcc.o
 .debug_macro   0x0000000000022782      0xd63 ./Drivers/STM32F4xx_HAL_Driver/Src/stm32f4xx_ll_rcc.o
 .debug_macro   0x00000000000234e5      0x243 ./Drivers/STM32F4xx_HAL_Driver/Src/stm32f4xx_ll_usart.o
 .debug_macro   0x0000000000023728      0x1b5 ./Drivers/STM32F4xx_HAL_Driver/Src/stm32f4xx_ll_usart.o
 .debug_macro   0x00000000000238dd      0x1d4 ./Drivers/STM32F4xx_HAL_Driver/Src/stm32f4xx_ll_usb.o
 .debug_macro   0x0000000000023ab1      0x2d2 ./Drivers/STM32F4xx_HAL_Driver/Src/stm32f4xx_ll_utils.o
 .debug_macro   0x0000000000023d83       0x5b ./Drivers/STM32F4xx_HAL_Driver/Src/stm32f4xx_ll_utils.o

.debug_line     0x0000000000000000     0xd0d4
 .debug_line    0x0000000000000000      0xd85 ./Core/Src/LL_UART_DMA.o
 .debug_line    0x0000000000000d85     0x114f ./Core/Src/main.o
 .debug_line    0x0000000000001ed4      0x8ae ./Core/Src/stm32f4xx_hal_msp.o
 .debug_line    0x0000000000002782      0x9ec ./Core/Src/stm32f4xx_it.o
 .debug_line    0x000000000000316e      0x7ce ./Core/Src/system_stm32f4xx.o
 .debug_line    0x000000000000393c       0x7a ./Core/Startup/startup_stm32f446zetx.o
 .debug_line    0x00000000000039b6      0xa34 ./Drivers/STM32F4xx_HAL_Driver/Src/stm32f4xx_hal.o
 .debug_line    0x00000000000043ea      0xd00 ./Drivers/STM32F4xx_HAL_Driver/Src/stm32f4xx_hal_cortex.o
 .debug_line    0x00000000000050ea      0xb94 ./Drivers/STM32F4xx_HAL_Driver/Src/stm32f4xx_hal_gpio.o
 .debug_line    0x0000000000005c7e     0x14e7 ./Drivers/STM32F4xx_HAL_Driver/Src/stm32f4xx_hal_pcd.o
 .debug_line    0x0000000000007165      0x85e ./Drivers/STM32F4xx_HAL_Driver/Src/stm32f4xx_hal_pcd_ex.o
 .debug_line    0x00000000000079c3      0x8bb ./Drivers/STM32F4xx_HAL_Driver/Src/stm32f4xx_ll_exti.o
 .debug_line    0x000000000000827e      0xa8a ./Drivers/STM32F4xx_HAL_Driver/Src/stm32f4xx_ll_gpio.o
 .debug_line    0x0000000000008d08     0x114f ./Drivers/STM32F4xx_HAL_Driver/Src/stm32f4xx_ll_rcc.o
 .debug_line    0x0000000000009e57      0x9b9 ./Drivers/STM32F4xx_HAL_Driver/Src/stm32f4xx_ll_usart.o
 .debug_line    0x000000000000a810     0x1bfc ./Drivers/STM32F4xx_HAL_Driver/Src/stm32f4xx_ll_usb.o
 .debug_line    0x000000000000c40c      0xcc8 ./Drivers/STM32F4xx_HAL_Driver/Src/stm32f4xx_ll_utils.o

.debug_str      0x0000000000000000    0xd745a
 .debug_str     0x0000000000000000    0xd1c87 ./Core/Src/LL_UART_DMA.o
                                      0xd233c (size before relaxing)
 .debug_str     0x00000000000d1c87      0xa98 ./Core/Src/main.o
                                      0xd2d44 (size before relaxing)
 .debug_str     0x00000000000d271f       0x95 ./Core/Src/stm32f4xx_hal_msp.o
                                      0xd1ed4 (size before relaxing)
 .debug_str     0x00000000000d27b4      0x165 ./Core/Src/stm32f4xx_it.o
                                      0xd1aaf (size before relaxing)
 .debug_str     0x00000000000d2919       0x77 ./Core/Src/system_stm32f4xx.o
                                      0xc1b0d (size before relaxing)
 .debug_str     0x00000000000d2990       0x34 ./Core/Startup/startup_stm32f446zetx.o
                                         0x82 (size before relaxing)
 .debug_str     0x00000000000d29c4      0x5f7 ./Drivers/STM32F4xx_HAL_Driver/Src/stm32f4xx_hal.o
                                      0xc26d2 (size before relaxing)
 .debug_str     0x00000000000d2fbb      0x2de ./Drivers/STM32F4xx_HAL_Driver/Src/stm32f4xx_hal_cortex.o
                                      0xc23f7 (size before relaxing)
 .debug_str     0x00000000000d3299      0x134 ./Drivers/STM32F4xx_HAL_Driver/Src/stm32f4xx_hal_gpio.o
                                      0xc1c88 (size before relaxing)
 .debug_str     0x00000000000d33cd      0x831 ./Drivers/STM32F4xx_HAL_Driver/Src/stm32f4xx_hal_pcd.o
                                      0xc261e (size before relaxing)
 .debug_str     0x00000000000d3bfe      0x12d ./Drivers/STM32F4xx_HAL_Driver/Src/stm32f4xx_hal_pcd_ex.o
                                      0xc1f20 (size before relaxing)
 .debug_str     0x00000000000d3d2b      0x2f6 ./Drivers/STM32F4xx_HAL_Driver/Src/stm32f4xx_ll_exti.o
                                      0xc2170 (size before relaxing)
 .debug_str     0x00000000000d4021      0x62a ./Drivers/STM32F4xx_HAL_Driver/Src/stm32f4xx_ll_gpio.o
                                      0xc34f3 (size before relaxing)
 .debug_str     0x00000000000d464b      0x996 ./Drivers/STM32F4xx_HAL_Driver/Src/stm32f4xx_ll_rcc.o
                                      0xcbffc (size before relaxing)
 .debug_str     0x00000000000d4fe1      0x83f ./Drivers/STM32F4xx_HAL_Driver/Src/stm32f4xx_ll_usart.o
                                      0xcd993 (size before relaxing)
 .debug_str     0x00000000000d5820      0x4ab ./Drivers/STM32F4xx_HAL_Driver/Src/stm32f4xx_ll_usb.o
                                      0xc24da (size before relaxing)
 .debug_str     0x00000000000d5ccb     0x178f ./Drivers/STM32F4xx_HAL_Driver/Src/stm32f4xx_ll_utils.o
                                      0xce6f8 (size before relaxing)

.debug_frame    0x0000000000000000     0x3a58
 .debug_frame   0x0000000000000000      0x434 ./Core/Src/LL_UART_DMA.o
 .debug_frame   0x0000000000000434      0x858 ./Core/Src/main.o
 .debug_frame   0x0000000000000c8c       0xa8 ./Core/Src/stm32f4xx_hal_msp.o
 .debug_frame   0x0000000000000d34      0x200 ./Core/Src/stm32f4xx_it.o
 .debug_frame   0x0000000000000f34       0x58 ./Core/Src/system_stm32f4xx.o
 .debug_frame   0x0000000000000f8c      0x374 ./Drivers/STM32F4xx_HAL_Driver/Src/stm32f4xx_hal.o
 .debug_frame   0x0000000000001300      0x4b8 ./Drivers/STM32F4xx_HAL_Driver/Src/stm32f4xx_hal_cortex.o
 .debug_frame   0x00000000000017b8      0x14c ./Drivers/STM32F4xx_HAL_Driver/Src/stm32f4xx_hal_gpio.o
 .debug_frame   0x0000000000001904      0x5b8 ./Drivers/STM32F4xx_HAL_Driver/Src/stm32f4xx_hal_pcd.o
 .debug_frame   0x0000000000001ebc      0x100 ./Drivers/STM32F4xx_HAL_Driver/Src/stm32f4xx_hal_pcd_ex.o
 .debug_frame   0x0000000000001fbc      0x1bc ./Drivers/STM32F4xx_HAL_Driver/Src/stm32f4xx_ll_exti.o
 .debug_frame   0x0000000000002178      0x1c0 ./Drivers/STM32F4xx_HAL_Driver/Src/stm32f4xx_ll_gpio.o
 .debug_frame   0x0000000000002338      0x87c ./Drivers/STM32F4xx_HAL_Driver/Src/stm32f4xx_ll_rcc.o
 .debug_frame   0x0000000000002bb4      0x240 ./Drivers/STM32F4xx_HAL_Driver/Src/stm32f4xx_ll_usart.o
 .debug_frame   0x0000000000002df4      0x7c0 ./Drivers/STM32F4xx_HAL_Driver/Src/stm32f4xx_ll_usb.o
 .debug_frame   0x00000000000035b4      0x418 ./Drivers/STM32F4xx_HAL_Driver/Src/stm32f4xx_ll_utils.o
 .debug_frame   0x00000000000039cc       0x2c C:/ST/STM32CubeIDE_1.12.1/STM32CubeIDE/plugins/com.st.stm32cube.ide.mcu.externaltools.gnu-tools-for-stm32.11.3.rel1.win32_1.1.100.202309141235/tools/bin/../lib/gcc/arm-none-eabi/11.3.1/../../../../arm-none-eabi/lib/thumb/v7e-m+fp/hard\libc_nano.a(libc_a-init.o)
 .debug_frame   0x00000000000039f8       0x2c C:/ST/STM32CubeIDE_1.12.1/STM32CubeIDE/plugins/com.st.stm32cube.ide.mcu.externaltools.gnu-tools-for-stm32.11.3.rel1.win32_1.1.100.202309141235/tools/bin/../lib/gcc/arm-none-eabi/11.3.1/thumb/v7e-m+fp/hard\libgcc.a(_aeabi_uldivmod.o)
 .debug_frame   0x0000000000003a24       0x34 C:/ST/STM32CubeIDE_1.12.1/STM32CubeIDE/plugins/com.st.stm32cube.ide.mcu.externaltools.gnu-tools-for-stm32.11.3.rel1.win32_1.1.100.202309141235/tools/bin/../lib/gcc/arm-none-eabi/11.3.1/thumb/v7e-m+fp/hard\libgcc.a(_udivmoddi4.o)

.debug_line_str
                0x0000000000000000       0x76
 .debug_line_str
                0x0000000000000000       0x76 ./Core/Startup/startup_stm32f446zetx.o
                                         0x8e (size before relaxing)
